Component: ARM Compiler 5.06 update 7 (build 960) Tool: armlink [4d3601]

==============================================================================

Section Cross References

    startup_stm32f103xe.o(STACK) refers (Special) to heapauxi.o(.text) for __use_two_region_memory
    startup_stm32f103xe.o(HEAP) refers (Special) to heapauxi.o(.text) for __use_two_region_memory
    startup_stm32f103xe.o(RESET) refers (Special) to heapauxi.o(.text) for __use_two_region_memory
    startup_stm32f103xe.o(RESET) refers to startup_stm32f103xe.o(STACK) for __initial_sp
    startup_stm32f103xe.o(RESET) refers to startup_stm32f103xe.o(.text) for Reset_Handler
    startup_stm32f103xe.o(RESET) refers to stm32f1xx_it.o(i.NMI_Handler) for NMI_Handler
    startup_stm32f103xe.o(RESET) refers to stm32f1xx_it.o(i.HardFault_Handler) for HardFault_Handler
    startup_stm32f103xe.o(RESET) refers to stm32f1xx_it.o(i.MemManage_Handler) for MemManage_Handler
    startup_stm32f103xe.o(RESET) refers to stm32f1xx_it.o(i.BusFault_Handler) for BusFault_Handler
    startup_stm32f103xe.o(RESET) refers to stm32f1xx_it.o(i.UsageFault_Handler) for UsageFault_Handler
    startup_stm32f103xe.o(RESET) refers to stm32f1xx_it.o(i.SVC_Handler) for SVC_Handler
    startup_stm32f103xe.o(RESET) refers to stm32f1xx_it.o(i.DebugMon_Handler) for DebugMon_Handler
    startup_stm32f103xe.o(RESET) refers to stm32f1xx_it.o(i.PendSV_Handler) for PendSV_Handler
    startup_stm32f103xe.o(RESET) refers to stm32f1xx_it.o(i.SysTick_Handler) for SysTick_Handler
    startup_stm32f103xe.o(RESET) refers to stm32f1xx_it.o(i.DMA1_Channel2_IRQHandler) for DMA1_Channel2_IRQHandler
    startup_stm32f103xe.o(RESET) refers to stm32f1xx_it.o(i.DMA1_Channel3_IRQHandler) for DMA1_Channel3_IRQHandler
    startup_stm32f103xe.o(RESET) refers to stm32f1xx_it.o(i.EXTI9_5_IRQHandler) for EXTI9_5_IRQHandler
    startup_stm32f103xe.o(RESET) refers to stm32f1xx_it.o(i.USART1_IRQHandler) for USART1_IRQHandler
    startup_stm32f103xe.o(RESET) refers to stm32f1xx_it.o(i.USART2_IRQHandler) for USART2_IRQHandler
    startup_stm32f103xe.o(RESET) refers to stm32f1xx_it.o(i.USART3_IRQHandler) for USART3_IRQHandler
    startup_stm32f103xe.o(RESET) refers to stm32f1xx_it.o(i.TIM6_IRQHandler) for TIM6_IRQHandler
    startup_stm32f103xe.o(.text) refers (Special) to heapauxi.o(.text) for __use_two_region_memory
    startup_stm32f103xe.o(.text) refers to system_stm32f1xx.o(i.SystemInit) for SystemInit
    startup_stm32f103xe.o(.text) refers to __main.o(!!!main) for __main
    startup_stm32f103xe.o(.text) refers to startup_stm32f103xe.o(HEAP) for Heap_Mem
    startup_stm32f103xe.o(.text) refers to startup_stm32f103xe.o(STACK) for Stack_Mem
    openmv.o(i.OpenMV_Data_Receive) refers to _printf_percent.o(.ARM.Collect$$_printf_percent$$00000000) for _printf_percent
    openmv.o(i.OpenMV_Data_Receive) refers to _printf_d.o(.ARM.Collect$$_printf_percent$$00000009) for _printf_d
    openmv.o(i.OpenMV_Data_Receive) refers to _printf_dec.o(.text) for _printf_int_dec
    openmv.o(i.OpenMV_Data_Receive) refers to noretval__2sprintf.o(.text) for __2sprintf
    openmv.o(i.OpenMV_Data_Receive) refers to openmv.o(.data) for .data
    openmv.o(i.OpenMV_Data_Receive) refers to openmv.o(.bss) for .bss
    openmv.o(i.SendDataToOpenmv) refers to _printf_percent.o(.ARM.Collect$$_printf_percent$$00000000) for _printf_percent
    openmv.o(i.SendDataToOpenmv) refers to _printf_d.o(.ARM.Collect$$_printf_percent$$00000009) for _printf_d
    openmv.o(i.SendDataToOpenmv) refers to _printf_dec.o(.text) for _printf_int_dec
    openmv.o(i.SendDataToOpenmv) refers to noretval__2sprintf.o(.text) for __2sprintf
    openmv.o(i.SendDataToOpenmv) refers to stm32f1xx_hal_uart.o(i.HAL_UART_Transmit) for HAL_UART_Transmit
    openmv.o(i.SendDataToOpenmv) refers to openmv.o(.data) for .data
    openmv.o(i.SendDataToOpenmv) refers to usart.o(.bss) for huart1
    bluetooth.o(i.BlueToothTransmitData) refers to stm32f1xx_hal_uart.o(i.HAL_UART_Transmit) for HAL_UART_Transmit
    bluetooth.o(i.BlueToothTransmitData) refers to bluetooth.o(.data) for .data
    bluetooth.o(i.BlueToothTransmitData) refers to usart.o(.bss) for huart3
    bluetooth.o(i.BlueTooth_Receive_Data) refers to bluetooth.o(.data) for .data
    bluetooth.o(i.BlueTooth_Receive_Data) refers to bluetooth.o(.bss) for .bss
    control.o(i.Control_Init) refers to stm32f1xx_hal_tim.o(i.HAL_TIM_PWM_Start) for HAL_TIM_PWM_Start
    control.o(i.Control_Init) refers to tim.o(.bss) for htim1
    control.o(i.Control_Loop) refers to control.o(i.Control_Loop_AngleX) for Control_Loop_AngleX
    control.o(i.Control_Loop) refers to control.o(i.Control_Loop_Angle0) for Control_Loop_Angle0
    control.o(i.Control_Loop) refers to control.o(.data) for .data
    control.o(i.Control_Loop_Angle0) refers to control.o(i.Set_PWM) for Set_PWM
    control.o(i.Control_Loop_Angle0) refers to encoder.o(i.Get_Wheel_Speed_L) for Get_Wheel_Speed_L
[...]
    i.HAL_TIM_TriggerCallback                0x08002c6e   Section        0  stm32f1xx_hal_tim.o(i.HAL_TIM_TriggerCallback)
    i.HAL_UARTEx_RxEventCallback             0x08002c70   Section        0  stm32f1xx_hal_uart.o(i.HAL_UARTEx_RxEventCallback)
    i.HAL_UART_ErrorCallback                 0x08002c72   Section        0  stm32f1xx_hal_uart.o(i.HAL_UART_ErrorCallback)
    i.HAL_UART_IRQHandler                    0x08002c74   Section        0  stm32f1xx_hal_uart.o(i.HAL_UART_IRQHandler)
    i.HAL_UART_Init                          0x08002ee0   Section        0  stm32f1xx_hal_uart.o(i.HAL_UART_Init)
    i.HAL_UART_MspInit                       0x08002f44   Section        0  usart.o(i.HAL_UART_MspInit)
    i.HAL_UART_Receive_IT                    0x080030e8   Section        0  stm32f1xx_hal_uart.o(i.HAL_UART_Receive_IT)
    i.HAL_UART_RxCpltCallback                0x08003104   Section        0  main.o(i.HAL_UART_RxCpltCallback)
    i.HAL_UART_Transmit                      0x0800317c   Section        0  stm32f1xx_hal_uart.o(i.HAL_UART_Transmit)
    i.HAL_UART_TxCpltCallback                0x08003216   Section        0  stm32f1xx_hal_uart.o(i.HAL_UART_TxCpltCallback)
    i.HardFault_Handler                      0x08003218   Section        0  stm32f1xx_it.o(i.HardFault_Handler)
    i.MX_DMA_Init                            0x0800321c   Section        0  dma.o(i.MX_DMA_Init)
    i.MX_GPIO_Init                           0x08003258   Section        0  gpio.o(i.MX_GPIO_Init)
    i.MX_I2C1_Init                           0x080033cc   Section        0  i2c.o(i.MX_I2C1_Init)
    i.MX_TIM1_Init                           0x0800340c   Section        0  tim.o(i.MX_TIM1_Init)
    i.MX_TIM2_Init                           0x080034d8   Section        0  tim.o(i.MX_TIM2_Init)
    i.MX_TIM3_Init                           0x08003574   Section        0  tim.o(i.MX_TIM3_Init)
    i.MX_TIM4_Init                           0x080035e0   Section        0  tim.o(i.MX_TIM4_Init)
    i.MX_TIM6_Init                           0x0800364c   Section        0  tim.o(i.MX_TIM6_Init)
    i.MX_USART1_UART_Init                    0x08003690   Section        0  usart.o(i.MX_USART1_UART_Init)
    i.MX_USART2_UART_Init                    0x080036c8   Section        0  usart.o(i.MX_USART2_UART_Init)
    i.MX_USART3_UART_Init                    0x08003700   Section        0  usart.o(i.MX_USART3_UART_Init)
    i.MemManage_Handler                      0x08003738   Section        0  stm32f1xx_it.o(i.MemManage_Handler)
    i.Motor                                  0x0800373c   Section        0  control.o(i.Motor)
    i.NMI_Handler                            0x08003788   Section        0  stm32f1xx_it.o(i.NMI_Handler)
    i.OLED_Clear                             0x0800378a   Section        0  oled.o(i.OLED_Clear)
    i.OLED_I2C_Init                          0x080037b0   Section        0  oled.o(i.OLED_I2C_Init)
    i.OLED_I2C_SendByte                      0x080037d0   Section        0  oled.o(i.OLED_I2C_SendByte)
    i.OLED_I2C_Start                         0x08003824   Section        0  oled.o(i.OLED_I2C_Start)
    i.OLED_I2C_Stop                          0x08003858   Section        0  oled.o(i.OLED_I2C_Stop)
    i.OLED_Init                              0x08003884   Section        0  oled.o(i.OLED_Init)
    i.OLED_Pow                               0x08003930   Section        0  oled.o(i.OLED_Pow)
    i.OLED_SetCursor                         0x0800393e   Section        0  oled.o(i.OLED_SetCursor)
    i.OLED_ShowChar                          0x08003960   Section        0  oled.o(i.OLED_ShowChar)
    i.OLED_ShowNum                           0x080039c8   Section        0  oled.o(i.OLED_ShowNum)
    i.OLED_ShowString                        0x08003a0a   Section        0  oled.o(i.OLED_ShowString)
    i.OLED_WriteCommand                      0x08003a30   Section        0  oled.o(i.OLED_WriteCommand)
    i.OLED_WriteData                         0x08003a52   Section        0  oled.o(i.OLED_WriteData)
    i.OpenMV_Data_Receive                    0x08003a74   Section        0  openmv.o(i.OpenMV_Data_Receive)
    i.PID_Controller                         0x08003b20   Section        0  pid.o(i.PID_Controller)
    i.PendSV_Handler                         0x08003ba6   Section        0  stm32f1xx_it.o(i.PendSV_Handler)
    i.SVC_Handler                            0x08003ba8   Section        0  stm32f1xx_it.o(i.SVC_Handler)
    i.Set_PWM                                0x08003bac   Section        0  control.o(i.Set_PWM)
    i.Set_direction_L                        0x08003bf0   Section        0  control.o(i.Set_direction_L)
    i.Set_direction_R                        0x08003c20   Section        0  control.o(i.Set_direction_R)
    i.SysTick_Handler                        0x08003c50   Section        0  stm32f1xx_it.o(i.SysTick_Handler)
    i.SystemClock_Config                     0x08003c6c   Section        0  main.o(i.SystemClock_Config)
    i.SystemInit                             0x08003cca   Section        0  system_stm32f1xx.o(i.SystemInit)
    i.TIM6_IRQHandler                        0x08003ccc   Section        0  stm32f1xx_it.o(i.TIM6_IRQHandler)
    i.TIM_Base_SetConfig                     0x08003cd8   Section        0  stm32f1xx_hal_tim.o(i.TIM_Base_SetConfig)
    i.TIM_CCxChannelCmd                      0x08003d64   Section        0  stm32f1xx_hal_tim.o(i.TIM_CCxChannelCmd)
    i.TIM_ETR_SetConfig                      0x08003d7e   Section        0  stm32f1xx_hal_tim.o(i.TIM_ETR_SetConfig)
    i.TIM_ITRx_SetConfig                     0x08003d92   Section        0  stm32f1xx_hal_tim.o(i.TIM_ITRx_SetConfig)
    TIM_ITRx_SetConfig                       0x08003d93   Thumb Code    16  stm32f1xx_hal_tim.o(i.TIM_ITRx_SetConfig)
    i.TIM_OC1_SetConfig                      0x08003da4   Section        0  stm32f1xx_hal_tim.o(i.TIM_OC1_SetConfig)
    TIM_OC1_SetConfig                        0x08003da5   Thumb Code    88  stm32f1xx_hal_tim.o(i.TIM_OC1_SetConfig)
    i.TIM_OC2_SetConfig                      0x08003e04   Section        0  stm32f1xx_hal_tim.o(i.TIM_OC2_SetConfig)
    i.TIM_OC3_SetConfig                      0x08003e70   Section        0  stm32f1xx_hal_tim.o(i.TIM_OC3_SetConfig)
    TIM_OC3_SetConfig                        0x08003e71   Thumb Code    96  stm32f1xx_hal_tim.o(i.TIM_OC3_SetConfig)
    i.TIM_OC4_SetConfig                      0x08003ed8   Section        0  stm32f1xx_hal_tim.o(i.TIM_OC4_SetConfig)
    TIM_OC4_SetConfig                        0x08003ed9   Thumb Code    70  stm32f1xx_hal_tim.o(i.TIM_OC4_SetConfig)
    i.TIM_TI1_ConfigInputStage               0x08003f28   Section        0  stm32f1xx_hal_tim.o(i.TIM_TI1_ConfigInputStage)
    TIM_TI1_ConfigInputStage                 0x08003f29   Thumb Code    34  stm32f1xx_hal_tim.o(i.TIM_TI1_ConfigInputStage)
    i.TIM_TI2_ConfigInputStage               0x08003f4a   Section        0  stm32f1xx_hal_tim.o(i.TIM_TI2_ConfigInputStage)
    TIM_TI2_ConfigInputStage                 0x08003f4b   Thumb Code    36  stm32f1xx_hal_tim.o(i.TIM_TI2_ConfigInputStage)
    i.UART_DMAAbortOnError                   0x08003f6e   Section        0  stm32f1xx_hal_uart.o(i.UART_DMAAbortOnError)
    UART_DMAAbortOnError                     0x08003f6f   Thumb Code    16  stm32f1xx_hal_uart.o(i.UART_DMAAbortOnError)
    i.UART_EndRxTransfer                     0x08003f7e   Section        0  stm32f1xx_hal_uart.o(i.UART_EndRxTransfer)
    UART_EndRxTransfer                       0x08003f7f   Thumb Code    78  stm32f1xx_hal_uart.o(i.UART_EndRxTransfer)
    i.UART_Receive_IT                        0x08003fcc   Section        0  stm32f1xx_hal_uart.o(i.UART_Receive_IT)
    UART_Receive_IT                          0x08003fcd   Thumb Code   194  stm32f1xx_hal_uart.o(i.UART_Receive_IT)
    i.UART_SetConfig                         0x08004090   Section        0  stm32f1xx_hal_uart.o(i.UART_SetConfig)
    UART_SetConfig                           0x08004091   Thumb Code   178  stm32f1xx_hal_uart.o(i.UART_SetConfig)
    i.UART_Start_Receive_IT                  0x08004148   Section        0  stm32f1xx_hal_uart.o(i.UART_Start_Receive_IT)
    i.UART_WaitOnFlagUntilTimeout            0x0800417e   Section        0  stm32f1xx_hal_uart.o(i.UART_WaitOnFlagUntilTimeout)
    UART_WaitOnFlagUntilTimeout              0x0800417f   Thumb Code   120  stm32f1xx_hal_uart.o(i.UART_WaitOnFlagUntilTimeout)
    i.USART1_IRQHandler                      0x080041f8   Section        0  stm32f1xx_it.o(i.USART1_IRQHandler)
    i.USART2_IRQHandler                      0x08004204   Section        0  stm32f1xx_it.o(i.USART2_IRQHandler)
    i.USART3_IRQHandler                      0x08004210   Section        0  stm32f1xx_it.o(i.USART3_IRQHandler)
    i.UsageFault_Handler                     0x0800421c   Section        0  stm32f1xx_it.o(i.UsageFault_Handler)
    i.__ARM_fpclassify                       0x0800421e   Section        0  fpclassify.o(i.__ARM_fpclassify)
    i.__NVIC_SetPriority                     0x08004246   Section        0  stm32f1xx_hal_cortex.o(i.__NVIC_SetPriority)
    __NVIC_SetPriority                       0x08004247   Thumb Code    32  stm32f1xx_hal_cortex.o(i.__NVIC_SetPriority)
    i._is_digit                              0x08004266   Section        0  __printf_wp.o(i._is_digit)
    i.getL                                   0x08004274   Section        0  encoder.o(i.getL)
    i.main                                   0x08004280   Section        0  main.o(i.main)
    locale$$code                             0x08004470   Section       44  lc_numeric_c.o(locale$$code)
    x$fpl$d2f                                0x0800449c   Section       98  d2f.o(x$fpl$d2f)
    x$fpl$ddiv                               0x08004500   Section      688  ddiv.o(x$fpl$ddiv)
    ddiv_entry                               0x08004507   Thumb Code     0  ddiv.o(x$fpl$ddiv)
    x$fpl$dmul                               0x080047b0   Section      340  dmul.o(x$fpl$dmul)
    x$fpl$dnaninf                            0x08004904   Section      156  dnaninf.o(x$fpl$dnaninf)
    x$fpl$dretinf                            0x080049a0   Section       12  dretinf.o(x$fpl$dretinf)
    x$fpl$f2d                                0x080049ac   Section       86  f2d.o(x$fpl$f2d)
    x$fpl$fadd                               0x08004a04   Section      196  faddsub_clz.o(x$fpl$fadd)
    _fadd1                                   0x08004a13   Thumb Code     0  faddsub_clz.o(x$fpl$fadd)
    x$fpl$fcmpinf                            0x08004ac8   Section       24  fcmpi.o(x$fpl$fcmpinf)
    x$fpl$fdiv                               0x08004ae0   Section      388  fdiv.o(x$fpl$fdiv)
    _fdiv1                                   0x08004ae1   Thumb Code     0  fdiv.o(x$fpl$fdiv)
    x$fpl$ffixu                              0x08004c64   Section       62  ffixu.o(x$fpl$ffixu)
    x$fpl$fflt                               0x08004ca4   Section       48  fflt_clz.o(x$fpl$fflt)
    x$fpl$ffltu                              0x08004cd4   Section       38  fflt_clz.o(x$fpl$ffltu)
    x$fpl$fleqf                              0x08004cfc   Section      104  fleqf.o(x$fpl$fleqf)
    x$fpl$fmul                               0x08004d64   Section      258  fmul.o(x$fpl$fmul)
    x$fpl$fnaninf                            0x08004e66   Section      140  fnaninf.o(x$fpl$fnaninf)
    x$fpl$fretinf                            0x08004ef2   Section       10  fretinf.o(x$fpl$fretinf)
    x$fpl$frleqf                             0x08004efc   Section       98  frleqf.o(x$fpl$frleqf)
    x$fpl$fsub                               0x08004f60   Section      234  faddsub_clz.o(x$fpl$fsub)
    _fsub1                                   0x08004f6f   Thumb Code     0  faddsub_clz.o(x$fpl$fsub)
    x$fpl$printf1                            0x0800504a   Section        4  printf1.o(x$fpl$printf1)
    .constdata                               0x0800504e   Section     3920  oled.o(.constdata)
    x$fpl$usenofp                            0x0800504e   Section        0  usenofp.o(x$fpl$usenofp)
    .constdata                               0x08005fa0   Section       30  main.o(.constdata)
    .constdata                               0x08005fbe   Section       18  stm32f1xx_hal_rcc.o(.constdata)
    aPredivFactorTable                       0x08005fbe   Data           2  stm32f1xx_hal_rcc.o(.constdata)
    aPLLMULFactorTable                       0x08005fc0   Data          16  stm32f1xx_hal_rcc.o(.constdata)
    .constdata                               0x08005fd0   Section       16  system_stm32f1xx.o(.constdata)
    .constdata                               0x08005fe0   Section        8  system_stm32f1xx.o(.constdata)
    .constdata                               0x08005fe8   Section      148  bigflt0.o(.constdata)
    tenpwrs_x                                0x08005fe8   Data          60  bigflt0.o(.constdata)
    tenpwrs_i                                0x08006024   Data          64  bigflt0.o(.constdata)
    locale$$data                             0x0800609c   Section       28  lc_numeric_c.o(locale$$data)
    __lcnum_c_name                           0x080060a0   Data           2  lc_numeric_c.o(locale$$data)
    __lcnum_c_start                          0x080060a8   Data           0  lc_numeric_c.o(locale$$data)
    __lcnum_c_point                          0x080060b4   Data           0  lc_numeric_c.o(locale$$data)
    __lcnum_c_thousands                      0x080060b6   Data           0  lc_numeric_c.o(locale$$data)
    __lcnum_c_grouping                       0x080060b7   Data           0  lc_numeric_c.o(locale$$data)
    __lcnum_c_end                            0x080060b8   Data           0  lc_numeric_c.o(locale$$data)
    .data                                    0x20000000   Section       11  openmv.o(.data)
    RxCounter                                0x20000005   Data           1  openmv.o(.data)
    RxState                                  0x20000006   Data           1  openmv.o(.data)
    .data                                    0x2000000b   Section        1  control.o(.data)
    .data                                    0x2000000c   Section       40  encoder.o(.data)
    encoder_count_prev_L                     0x2000000c   Data           4  encoder.o(.data)
    encoder_count_prev_R                     0x20000010   Data           4  encoder.o(.data)
    encoder_count_current_L                  0x20000014   Data           4  encoder.o(.data)
    encoder_count_current_R                  0x20000018   Data           4  encoder.o(.data)
    wheel_speed_R                            0x2000001c   Data           4  encoder.o(.data)
    wheel_speed_L                            0x20000020   Data           4  encoder.o(.data)
    wheel_velocity_R                         0x20000024   Data           4  encoder.o(.data)
    wheel_velocity_L                         0x20000028   Data           4  encoder.o(.data)
    wheel_direction_R                        0x2000002c   Data           4  encoder.o(.data)
    wheel_direction_L                        0x20000030   Data           4  encoder.o(.data)
    .data                                    0x20000034   Section        2  main.o(.data)
    .data                                    0x20000036   Section        6  main.o(.data)
    temp                                     0x20000036   Data           1  main.o(.data)
    temp3                                    0x20000037   Data           1  main.o(.data)
    .data                                    0x2000003c   Section       12  stm32f1xx_hal.o(.data)
    .data                                    0x20000048   Section        4  system_stm32f1xx.o(.data)
    .bss                                     0x2000004c   Section       12  openmv.o(.bss)
    RxBuffer                                 0x2000004c   Data          12  openmv.o(.bss)
    .bss                                     0x20000058   Section      260  main.o(.bss)
    .bss                                     0x2000015c   Section       84  i2c.o(.bss)
    .bss                                     0x200001b0   Section      360  tim.o(.bss)
    .bss                                     0x20000318   Section      352  usart.o(.bss)
    .bss                                     0x20000478   Section       96  libspace.o(.bss)
    HEAP                                     0x200004d8   Section      512  startup_stm32f103xe.o(HEAP)
    Heap_Mem                                 0x200004d8   Data         512  startup_stm32f103xe.o(HEAP)
    STACK                                    0x200006d8   Section     1024  startup_stm32f103xe.o(STACK)
    Stack_Mem                                0x200006d8   Data        1024  startup_stm32f103xe.o(STACK)
    __initial_sp                             0x20000ad8   Data           0  startup_stm32f103xe.o(STACK)

    Global Symbols

    Symbol Name                              Value     Ov Type        Size  Object(Section)

    BuildAttributes$$THM_ISAv4$P$D$K$B$S$PE$A:L22UL41UL21$X:L11$S22US41US21$IEEE1$IW$USESV6$~STKCKD$USESV7$~SHL$OTIME$ROPI$IEEEJ$EBA8$UX$STANDARDLIB$REQ8$PRES8$EABIv2 0x00000000   Number         0  anon$$obj.o ABSOLUTE
    __ARM_use_no_argv                        0x00000000   Number         0  main.o ABSOLUTE
    _printf_flags                            0x00000000   Number         0  printf_stubs.o ABSOLUTE
    _printf_return_value                     0x00000000   Number         0  printf_stubs.o ABSOLUTE
    _printf_sizespec                         0x00000000   Number         0  printf_stubs.o ABSOLUTE
    _printf_widthprec                        0x00000000   Number         0  printf_stubs.o ABSOLUTE
    __ARM_exceptions_init                     - Undefined Weak Reference
    __alloca_initialize                       - Undefined Weak Reference
    __arm_fini_                               - Undefined Weak Reference
    __arm_preinit_                            - Undefined Weak Reference
    __cpp_initialize__aeabi_                  - Undefined Weak Reference
    __cxa_finalize                            - Undefined Weak Reference
    __sigvec_lookup                           - Undefined Weak Reference
    _atexit_init                              - Undefined Weak Reference
    _call_atexit_fns                          - Undefined Weak Reference
    _clock_init                               - Undefined Weak Reference
    _fp_trap_init                             - Undefined Weak Reference
    _fp_trap_shutdown                         - Undefined Weak Reference
    _get_lc_collate                           - Undefined Weak Reference
    _get_lc_ctype                             - Undefined Weak Reference
    _get_lc_monetary                          - Undefined Weak Reference
    _get_lc_time                              - Undefined Weak Reference
    _getenv_init                              - Undefined Weak Reference
    _handle_redirection                       - Undefined Weak Reference
    _init_alloc                               - Undefined Weak Reference
    _init_user_alloc                          - Undefined Weak Reference
    _initio                                   - Undefined Weak Reference
    _printf_post_padding                      - Undefined Weak Reference
    _printf_pre_padding                       - Undefined Weak Reference
    _printf_truncate_signed                   - Undefined Weak Reference
    _printf_truncate_unsigned                 - Undefined Weak Reference
    _rand_init                                - Undefined Weak Reference
    _signal_finish                            - Undefined Weak Reference
    _signal_init                              - Undefined Weak Reference
    _terminate_alloc                          - Undefined Weak Reference
    _terminate_user_alloc                     - Undefined Weak Reference
    _terminateio                              - Undefined Weak Reference
    __Vectors_Size                           0x00000130   Number         0  startup_stm32f103xe.o ABSOLUTE
    __Vectors                                0x08000000   Data           4  startup_stm32f103xe.o(RESET)
    __Vectors_End                            0x08000130   Data           0  startup_stm32f103xe.o(RESET)
    __main                                   0x08000131   Thumb Code     8  __main.o(!!!main)
    __scatterload                            0x08000139   Thumb Code     0  __scatter.o(!!!scatter)
    __scatterload_rt2                        0x08000139   Thumb Code    44  __scatter.o(!!!scatter)
    __scatterload_rt2_thumb_only             0x08000139   Thumb Code     0  __scatter.o(!!!scatter)
    __scatterload_null                       0x08000147   Thumb Code     0  __scatter.o(!!!scatter)
    __scatterload_copy                       0x0800016d   Thumb Code    26  __scatter_copy.o(!!handler_copy)
    __scatterload_zeroinit                   0x08000189   Thumb Code    28  __scatter_zi.o(!!handler_zi)
    _printf_f                                0x080001a5   Thumb Code     0  _printf_f.o(.ARM.Collect$$_printf_percent$$00000003)
    _printf_percent                          0x080001a5   Thumb Code     0  _printf_percent.o(.ARM.Collect$$_printf_percent$$00000000)
    _printf_d                                0x080001ab   Thumb Code     0  _printf_d.o(.ARM.Collect$$_printf_percent$$00000009)
    _printf_percent_end                      0x080001b1   Thumb Code     0  _printf_percent_end.o(.ARM.Collect$$_printf_percent$$00000017)
    __rt_lib_init                            0x080001b5   Thumb Code     0  libinit.o(.ARM.Collect$$libinit$$00000000)
    __rt_lib_init_fp_1                       0x080001b7   Thumb Code     0  libinit2.o(.ARM.Collect$$libinit$$00000002)
    __rt_lib_init_heap_1                     0x080001b7   Thumb Code     0  libinit2.o(.ARM.Collect$$libinit$$0000000A)
    __rt_lib_init_lc_common                  0x080001b7   Thumb Code     0  libinit2.o(.ARM.Collect$$libinit$$0000000F)
    __rt_lib_init_preinit_1                  0x080001b7   Thumb Code     0  libinit2.o(.ARM.Collect$$libinit$$00000004)
    __rt_lib_init_rand_1                     0x080001b7   Thumb Code     0  libinit2.o(.ARM.Collect$$libinit$$0000000E)
    __rt_lib_init_user_alloc_1               0x080001b7   Thumb Code     0  libinit2.o(.ARM.Collect$$libinit$$0000000C)
    __rt_lib_init_lc_collate_1               0x080001bd   Thumb Code     0  libinit2.o(.ARM.Collect$$libinit$$00000011)
    __rt_lib_init_lc_ctype_1                 0x080001bd   Thumb Code     0  libinit2.o(.ARM.Collect$$libinit$$00000013)
    __rt_lib_init_lc_monetary_1              0x080001bd   Thumb Code     0  libinit2.o(.ARM.Collect$$libinit$$00000015)
    __rt_lib_init_lc_numeric_2               0x080001bd   Thumb Code     0  libinit2.o(.ARM.Collect$$libinit$$00000016)
    __rt_lib_init_alloca_1                   0x080001c7   Thumb Code     0  libinit2.o(.ARM.Collect$$libinit$$0000002E)
    __rt_lib_init_argv_1                     0x080001c7   Thumb Code     0  libinit2.o(.ARM.Collect$$libinit$$0000002C)
    __rt_lib_init_atexit_1                   0x080001c7   Thumb Code     0  libinit2.o(.ARM.Collect$$libinit$$0000001B)
    __rt_lib_init_clock_1                    0x080001c7   Thumb Code     0  libinit2.o(.ARM.Collect$$libinit$$00000021)
    __rt_lib_init_cpp_1                      0x080001c7   Thumb Code     0  libinit2.o(.ARM.Collect$$libinit$$00000032)
    __rt_lib_init_exceptions_1               0x080001c7   Thumb Code     0  libinit2.o(.ARM.Collect$$libinit$$00000030)
    __rt_lib_init_fp_trap_1                  0x080001c7   Thumb Code     0  libinit2.o(.ARM.Collect$$libinit$$0000001F)
    __rt_lib_init_getenv_1                   0x080001c7   Thumb Code     0  libinit2.o(.ARM.Collect$$libinit$$00000023)
    __rt_lib_init_lc_numeric_1               0x080001c7   Thumb Code     0  libinit2.o(.ARM.Collect$$libinit$$00000017)
    __rt_lib_init_lc_time_1                  0x080001c7   Thumb Code     0  libinit2.o(.ARM.Collect$$libinit$$00000019)
    __rt_lib_init_return                     0x080001c7   Thumb Code     0  libinit2.o(.ARM.Collect$$libinit$$00000033)
    __rt_lib_init_signal_1                   0x080001c7   Thumb Code     0  libinit2.o(.ARM.Collect$$libinit$$0000001D)
    __rt_lib_init_stdio_1                    0x080001c7   Thumb Code     0  libinit2.o(.ARM.Collect$$libinit$$00000025)
    __rt_lib_shutdown                        0x080001c9   Thumb Code     0  libshutdown.o(.ARM.Collect$$libshutdown$$00000000)
    __rt_lib_shutdown_cpp_1                  0x080001cb   Thumb Code     0  libshutdown2.o(.ARM.Collect$$libshutdown$$00000004)
    __rt_lib_shutdown_fini_1                 0x080001cb   Thumb Code     0  libshutdown2.o(.ARM.Collect$$libshutdown$$00000002)
    __rt_lib_shutdown_fp_trap_1              0x080001cb   Thumb Code     0  libshutdown2.o(.ARM.Collect$$libshutdown$$00000009)
    __rt_lib_shutdown_heap_1                 0x080001cb   Thumb Code     0  libshutdown2.o(.ARM.Collect$$libshutdown$$00000011)
    __rt_lib_shutdown_return                 0x080001cb   Thumb Code     0  libshutdown2.o(.ARM.Collect$$libshutdown$$00000012)
    __rt_lib_shutdown_signal_1               0x080001cb   Thumb Code     0  libshutdown2.o(.ARM.Collect$$libshutdown$$0000000C)
    __rt_lib_shutdown_stdio_1                0x080001cb   Thumb Code     0  libshutdown2.o(.ARM.Collect$$libshutdown$$00000006)
    __rt_lib_shutdown_user_alloc_1           0x080001cb   Thumb Code     0  libshutdown2.o(.ARM.Collect$$libshutdown$$0000000E)
    __rt_entry                               0x080001cd   Thumb Code     0  __rtentry.o(.ARM.Collect$$rtentry$$00000000)
    __rt_entry_presh_1                       0x080001cd   Thumb Code     0  __rtentry2.o(.ARM.Collect$$rtentry$$00000002)
    __rt_entry_sh                            0x080001cd   Thumb Code     0  __rtentry4.o(.ARM.Collect$$rtentry$$00000004)
    __rt_entry_li                            0x080001d3   Thumb Code     0  __rtentry2.o(.ARM.Collect$$rtentry$$0000000A)
    __rt_entry_postsh_1                      0x080001d3   Thumb Code     0  __rtentry2.o(.ARM.Collect$$rtentry$$00000009)
    __rt_entry_main                          0x080001d7   Thumb Code     0  __rtentry2.o(.ARM.Collect$$rtentry$$0000000D)
    __rt_entry_postli_1                      0x080001d7   Thumb Code     0  __rtentry2.o(.ARM.Collect$$rtentry$$0000000C)
    __rt_exit                                0x080001df   Thumb Code     0  rtexit.o(.ARM.Collect$$rtexit$$00000000)
    __rt_exit_ls                             0x080001e1   Thumb Code     0  rtexit2.o(.ARM.Collect$$rtexit$$00000003)
    __rt_exit_prels_1                        0x080001e1   Thumb Code     0  rtexit2.o(.ARM.Collect$$rtexit$$00000002)
    __rt_exit_exit                           0x080001e5   Thumb Code     0  rtexit2.o(.ARM.Collect$$rtexit$$00000004)
    Reset_Handler                            0x080001ed   Thumb Code     8  startup_stm32f103xe.o(.text)
    ADC1_2_IRQHandler                        0x08000207   Thumb Code     0  startup_stm32f103xe.o(.text)
    ADC3_IRQHandler                          0x08000207   Thumb Code     0  startup_stm32f103xe.o(.text)
    CAN1_RX1_IRQHandler                      0x08000207   Thumb Code     0  startup_stm32f103xe.o(.text)
    CAN1_SCE_IRQHandler                      0x08000207   Thumb Code     0  startup_stm32f103xe.o(.text)
    DMA1_Channel1_IRQHandler                 0x08000207   Thumb Code     0  startup_stm32f103xe.o(.text)
    DMA1_Channel4_IRQHandler                 0x08000207   Thumb Code     0  startup_stm32f103xe.o(.text)
    DMA1_Channel5_IRQHandler                 0x08000207   Thumb Code     0  startup_stm32f103xe.o(.text)
    DMA1_Channel6_IRQHandler                 0x08000207   Thumb Code     0  startup_stm32f103xe.o(.text)
    DMA1_Channel7_IRQHandler                 0x08000207   Thumb Code     0  startup_stm32f103xe.o(.text)
    DMA2_Channel1_IRQHandler                 0x08000207   Thumb Code     0  startup_stm32f103xe.o(.text)
    DMA2_Channel2_IRQHandler                 0x08000207   Thumb Code     0  startup_stm32f103xe.o(.text)
    DMA2_Channel3_IRQHandler                 0x08000207   Thumb Code     0  startup_stm32f103xe.o(.text)
    DMA2_Channel4_5_IRQHandler               0x08000207   Thumb Code     0  startup_stm32f103xe.o(.text)
    EXTI0_IRQHandler                         0x08000207   Thumb Code     0  startup_stm32f103xe.o(.text)
    EXTI15_10_IRQHandler                     0x08000207   Thumb Code     0  startup_stm32f103xe.o(.text)
    EXTI1_IRQHandler                         0x08000207   Thumb Code     0  startup_stm32f103xe.o(.text)
    EXTI2_IRQHandler                         0x08000207   Thumb Code     0  startup_stm32f103xe.o(.text)
    EXTI3_IRQHandler                         0x08000207   Thumb Code     0  startup_stm32f103xe.o(.text)
    EXTI4_IRQHandler                         0x08000207   Thumb Code     0  startup_stm32f103xe.o(.text)
    FLASH_IRQHandler                         0x08000207   Thumb Code     0  startup_stm32f103xe.o(.text)
    FSMC_IRQHandler                          0x08000207   Thumb Code     0  startup_stm32f103xe.o(.text)
    I2C1_ER_IRQHandler                       0x08000207   Thumb Code     0  startup_stm32f103xe.o(.text)
    I2C1_EV_IRQHandler                       0x08000207   Thumb Code     0  startup_stm32f103xe.o(.text)
    I2C2_ER_IRQHandler                       0x08000207   Thumb Code     0  startup_stm32f103xe.o(.text)
    I2C2_EV_IRQHandler                       0x08000207   Thumb Code     0  startup_stm32f103xe.o(.text)
    PVD_IRQHandler                           0x08000207   Thumb Code     0  startup_stm32f103xe.o(.text)
    RCC_IRQHandler                           0x08000207   Thumb Code     0  startup_stm32f103xe.o(.text)
    RTC_Alarm_IRQHandler                     0x08000207   Thumb Code     0  startup_stm32f103xe.o(.text)
    RTC_IRQHandler                           0x08000207   Thumb Code     0  startup_stm32f103xe.o(.text)
    SDIO_IRQHandler                          0x08000207   Thumb Code     0  startup_stm32f103xe.o(.text)
    SPI1_IRQHandler                          0x08000207   Thumb Code     0  startup_stm32f103xe.o(.text)
    SPI2_IRQHandler                          0x08000207   Thumb Code     0  startup_stm32f103xe.o(.text)
    SPI3_IRQHandler                          0x08000207   Thumb Code     0  startup_stm32f103xe.o(.text)
    TAMPER_IRQHandler                        0x08000207   Thumb Code     0  startup_stm32f103xe.o(.text)
    TIM1_BRK_IRQHandler                      0x08000207   Thumb Code     0  startup_stm32f103xe.o(.text)
    TIM1_CC_IRQHandler                       0x08000207   Thumb Code     0  startup_stm32f103xe.o(.text)
    TIM1_TRG_COM_IRQHandler                  0x08000207   Thumb Code     0  startup_stm32f103xe.o(.text)
    TIM1_UP_IRQHandler                       0x08000207   Thumb Code     0  startup_stm32f103xe.o(.text)
    TIM2_IRQHandler                          0x08000207   Thumb Code     0  startup_stm32f103xe.o(.text)
    TIM3_IRQHandler                          0x08000207   Thumb Code     0  startup_stm32f103xe.o(.text)
    TIM4_IRQHandler                          0x08000207   Thumb Code     0  startup_stm32f103xe.o(.text)
    TIM5_IRQHandler                          0x08000207   Thumb Code     0  startup_stm32f103xe.o(.text)
    TIM7_IRQHandler                          0x08000207   Thumb Code     0  startup_stm32f103xe.o(.text)
    TIM8_BRK_IRQHandler                      0x08000207   Thumb Code     0  startup_stm32f103xe.o(.text)
    TIM8_CC_IRQHandler                       0x08000207   Thumb Code     0  startup_stm32f103xe.o(.text)
    TIM8_TRG_COM_IRQHandler                  0x08000207   Thumb Code     0  startup_stm32f103xe.o(.text)
    TIM8_UP_IRQHandler                       0x08000207   Thumb Code     0  startup_stm32f103xe.o(.text)
    UART4_IRQHandler                         0x08000207   Thumb Code     0  startup_stm32f103xe.o(.text)
    UART5_IRQHandler                         0x08000207   Thumb Code     0  startup_stm32f103xe.o(.text)
    USBWakeUp_IRQHandler                     0x08000207   Thumb Code     0  startup_stm32f103xe.o(.text)
    USB_HP_CAN1_TX_IRQHandler                0x08000207   Thumb Code     0  startup_stm32f103xe.o(.text)
    USB_LP_CAN1_RX0_IRQHandler               0x08000207   Thumb Code     0  startup_stm32f103xe.o(.text)
    WWDG_IRQHandler                          0x08000207   Thumb Code     0  startup_stm32f103xe.o(.text)
    __user_initial_stackheap                 0x08000209   Thumb Code     0  startup_stm32f103xe.o(.text)
    __2sprintf                               0x0800022d   Thumb Code    34  noretval__2sprintf.o(.text)
    _printf_int_dec                          0x08000255   Thumb Code   104  _printf_dec.o(.text)
    __printf                                 0x080002cd   Thumb Code   270  __printf_wp.o(.text)
    __aeabi_memcpy4                          0x080003db   Thumb Code     0  rt_memcpy_w.o(.text)
    __aeabi_memcpy8                          0x080003db   Thumb Code     0  rt_memcpy_w.o(.text)
    __rt_memcpy_w                            0x080003db   Thumb Code   100  rt_memcpy_w.o(.text)
    _memcpy_lastbytes_aligned                0x08000423   Thumb Code     0  rt_memcpy_w.o(.text)
    __aeabi_memclr4                          0x0800043f   Thumb Code     0  rt_memclr_w.o(.text)
    __aeabi_memclr8                          0x0800043f   Thumb Code     0  rt_memclr_w.o(.text)
    __rt_memclr_w                            0x0800043f   Thumb Code    78  rt_memclr_w.o(.text)
    _memset_w                                0x08000443   Thumb Code     0  rt_memclr_w.o(.text)
    __use_two_region_memory                  0x0800048d   Thumb Code     2  heapauxi.o(.text)
    __rt_heap_escrow$2region                 0x0800048f   Thumb Code     2  heapauxi.o(.text)
    __rt_heap_expand$2region                 0x08000491   Thumb Code     2  heapauxi.o(.text)
    _printf_int_common                       0x08000493   Thumb Code   178  _printf_intcommon.o(.text)
    __lib_sel_fp_printf                      0x08000545   Thumb Code     2  _printf_fp_dec.o(.text)
    _printf_fp_dec_real                      0x080006f7   Thumb Code   620  _printf_fp_dec.o(.text)
    _printf_char_common                      0x0800096f   Thumb Code    32  _printf_char_common.o(.text)
    _sputc                                   0x08000995   Thumb Code    10  _sputc.o(.text)
    __rt_locale                              0x080009a1   Thumb Code     8  rt_locale_intlibspace.o(.text)
    _ll_udiv10                               0x080009a9   Thumb Code   138  lludiv10.o(.text)
    _printf_fp_infnan                        0x08000a35   Thumb Code   112  _printf_fp_infnan.o(.text)
    _btod_etento                             0x08000ab5   Thumb Code   224  bigflt0.o(.text)
    __user_libspace                          0x08000b99   Thumb Code     8  libspace.o(.text)
    __user_perproc_libspace                  0x08000b99   Thumb Code     0  libspace.o(.text)
    __user_perthread_libspace                0x08000b99   Thumb Code     0  libspace.o(.text)
    __user_setup_stackheap                   0x08000ba1   Thumb Code    74  sys_stackheap_outer.o(.text)
    exit                                     0x08000beb   Thumb Code    18  exit.o(.text)
    strcmp                                   0x08000bfd   Thumb Code   128  strcmpv7m.o(.text)
    _sys_exit                                0x08000c7d   Thumb Code     8  sys_exit.o(.text)
    __I$use$semihosting                      0x08000c89   Thumb Code     0  use_no_semi.o(.text)
    __use_no_semihosting_swi                 0x08000c89   Thumb Code     2  use_no_semi.o(.text)
    __semihosting_library_function           0x08000c8b   Thumb Code     0  indicate_semi.o(.text)
    _btod_d2e                                0x08000c8b   Thumb Code    62  btod.o(CL$$btod_d2e)
    _d2e_denorm_low                          0x08000cc9   Thumb Code    70  btod.o(CL$$btod_d2e_denorm_low)
    _d2e_norm_op1                            0x08000d0f   Thumb Code    96  btod.o(CL$$btod_d2e_norm_op1)
    __btod_div_common                        0x08000d6f   Thumb Code   696  btod.o(CL$$btod_div_common)
    _e2e                                     0x080010a7   Thumb Code   220  btod.o(CL$$btod_e2e)
    _btod_ediv                               0x08001183   Thumb Code    42  btod.o(CL$$btod_ediv)
    _btod_emul                               0x080011ad   Thumb Code    42  btod.o(CL$$btod_emul)
    __btod_mult_common                       0x080011d7   Thumb Code   580  btod.o(CL$$btod_mult_common)
    BusFault_Handler                         0x0800141b   Thumb Code     2  stm32f1xx_it.o(i.BusFault_Handler)
    Control_Init                             0x0800141d   Thumb Code    22  control.o(i.Control_Init)
    DMA1_Channel2_IRQHandler                 0x0800143d   Thumb Code     6  stm32f1xx_it.o(i.DMA1_Channel2_IRQHandler)
    DMA1_Channel3_IRQHandler                 0x08001449   Thumb Code     6  stm32f1xx_it.o(i.DMA1_Channel3_IRQHandler)
    DebugMon_Handler                         0x08001455   Thumb Code     2  stm32f1xx_it.o(i.DebugMon_Handler)
    EXTI9_5_IRQHandler                       0x08001459   Thumb Code    12  stm32f1xx_it.o(i.EXTI9_5_IRQHandler)
    Encoder_Init                             0x08001469   Thumb Code   102  encoder.o(i.Encoder_Init)
    Error_Handler                            0x080014dd   Thumb Code     4  main.o(i.Error_Handler)
    Get_Wheel_Speed_L                        0x080014e1   Thumb Code    86  encoder.o(i.Get_Wheel_Speed_L)
    Get_Wheel_Speed_R                        0x0800155d   Thumb Code    86  encoder.o(i.Get_Wheel_Speed_R)
    HAL_DMA_Abort                            0x080015d9   Thumb Code    70  stm32f1xx_hal_dma.o(i.HAL_DMA_Abort)
    HAL_DMA_Abort_IT                         0x08001621   Thumb Code   296  stm32f1xx_hal_dma.o(i.HAL_DMA_Abort_IT)
    HAL_DMA_IRQHandler                       0x08001751   Thumb Code   552  stm32f1xx_hal_dma.o(i.HAL_DMA_IRQHandler)
    HAL_DMA_Init                             0x08001999   Thumb Code   112  stm32f1xx_hal_dma.o(i.HAL_DMA_Init)
    HAL_GPIO_EXTI_Callback                   0x08001a15   Thumb Code     2  stm32f1xx_hal_gpio.o(i.HAL_GPIO_EXTI_Callback)
    HAL_GPIO_EXTI_IRQHandler                 0x08001a19   Thumb Code    18  stm32f1xx_hal_gpio.o(i.HAL_GPIO_EXTI_IRQHandler)
    HAL_GPIO_Init                            0x08001a31   Thumb Code   462  stm32f1xx_hal_gpio.o(i.HAL_GPIO_Init)
    HAL_GPIO_WritePin                        0x08001c29   Thumb Code    10  stm32f1xx_hal_gpio.o(i.HAL_GPIO_WritePin)
    HAL_GetTick                              0x08001c35   Thumb Code     6  stm32f1xx_hal.o(i.HAL_GetTick)
    HAL_I2C_Init                             0x08001c41   Thumb Code   376  stm32f1xx_hal_i2c.o(i.HAL_I2C_Init)
    HAL_I2C_MspInit                          0x08001dc9   Thumb Code    80  i2c.o(i.HAL_I2C_MspInit)
    HAL_IncTick                              0x08001e25   Thumb Code    12  stm32f1xx_hal.o(i.HAL_IncTick)
    HAL_Init                                 0x08001e35   Thumb Code    32  stm32f1xx_hal.o(i.HAL_Init)
    HAL_InitTick                             0x08001e59   Thumb Code    54  stm32f1xx_hal.o(i.HAL_InitTick)
    HAL_MspInit                              0x08001e99   Thumb Code    52  stm32f1xx_hal_msp.o(i.HAL_MspInit)
    HAL_NVIC_EnableIRQ                       0x08001ed5   Thumb Code    26  stm32f1xx_hal_cortex.o(i.HAL_NVIC_EnableIRQ)
    HAL_NVIC_SetPriority                     0x08001ef1   Thumb Code    60  stm32f1xx_hal_cortex.o(i.HAL_NVIC_SetPriority)
    HAL_NVIC_SetPriorityGrouping             0x08001f31   Thumb Code    26  stm32f1xx_hal_cortex.o(i.HAL_NVIC_SetPriorityGrouping)
    HAL_RCC_ClockConfig                      0x08001f55   Thumb Code   280  stm32f1xx_hal_rcc.o(i.HAL_RCC_ClockConfig)
    HAL_RCC_GetPCLK1Freq                     0x08002081   Thumb Code    20  stm32f1xx_hal_rcc.o(i.HAL_RCC_GetPCLK1Freq)
    HAL_RCC_GetPCLK2Freq                     0x080020a1   Thumb Code    20  stm32f1xx_hal_rcc.o(i.HAL_RCC_GetPCLK2Freq)
    HAL_RCC_GetSysClockFreq                  0x080020c1   Thumb Code    58  stm32f1xx_hal_rcc.o(i.HAL_RCC_GetSysClockFreq)
    HAL_RCC_OscConfig                        0x0800210d   Thumb Code   778  stm32f1xx_hal_rcc.o(i.HAL_RCC_OscConfig)
    HAL_SYSTICK_Config                       0x0800242d   Thumb Code    40  stm32f1xx_hal_cortex.o(i.HAL_SYSTICK_Config)
    HAL_TIMEx_BreakCallback                  0x08002455   Thumb Code     2  stm32f1xx_hal_tim_ex.o(i.HAL_TIMEx_BreakCallback)
    HAL_TIMEx_CommutCallback                 0x08002457   Thumb Code     2  stm32f1xx_hal_tim_ex.o(i.HAL_TIMEx_CommutCallback)
    HAL_TIMEx_ConfigBreakDeadTime            0x08002459   Thumb Code    84  stm32f1xx_hal_tim_ex.o(i.HAL_TIMEx_ConfigBreakDeadTime)
    HAL_TIMEx_MasterConfigSynchronization    0x080024ad   Thumb Code   104  stm32f1xx_hal_tim_ex.o(i.HAL_TIMEx_MasterConfigSynchronization)
    HAL_TIM_Base_Init                        0x08002529   Thumb Code    90  stm32f1xx_hal_tim.o(i.HAL_TIM_Base_Init)
    HAL_TIM_Base_MspInit                     0x08002585   Thumb Code    94  tim.o(i.HAL_TIM_Base_MspInit)
    HAL_TIM_ConfigClockSource                0x080025f1   Thumb Code   220  stm32f1xx_hal_tim.o(i.HAL_TIM_ConfigClockSource)
    HAL_TIM_Encoder_Init                     0x080026cd   Thumb Code   164  stm32f1xx_hal_tim.o(i.HAL_TIM_Encoder_Init)
    HAL_TIM_Encoder_MspInit                  0x08002771   Thumb Code   160  tim.o(i.HAL_TIM_Encoder_MspInit)
    HAL_TIM_Encoder_Start                    0x08002829   Thumb Code   142  stm32f1xx_hal_tim.o(i.HAL_TIM_Encoder_Start)
    HAL_TIM_IC_CaptureCallback               0x080028b7   Thumb Code     2  stm32f1xx_hal_tim.o(i.HAL_TIM_IC_CaptureCallback)
    HAL_TIM_IRQHandler                       0x080028b9   Thumb Code   358  stm32f1xx_hal_tim.o(i.HAL_TIM_IRQHandler)
    HAL_TIM_MspPostInit                      0x08002a21   Thumb Code    94  tim.o(i.HAL_TIM_MspPostInit)
    HAL_TIM_OC_DelayElapsedCallback          0x08002a8d   Thumb Code     2  stm32f1xx_hal_tim.o(i.HAL_TIM_OC_DelayElapsedCallback)
    HAL_TIM_PWM_ConfigChannel                0x08002a8f   Thumb Code   204  stm32f1xx_hal_tim.o(i.HAL_TIM_PWM_ConfigChannel)
    HAL_TIM_PWM_Init                         0x08002b5b   Thumb Code    90  stm32f1xx_hal_tim.o(i.HAL_TIM_PWM_Init)
    HAL_TIM_PWM_MspInit                      0x08002bb5   Thumb Code     2  stm32f1xx_hal_tim.o(i.HAL_TIM_PWM_MspInit)
    HAL_TIM_PWM_PulseFinishedCallback        0x08002bb7   Thumb Code     2  stm32f1xx_hal_tim.o(i.HAL_TIM_PWM_PulseFinishedCallback)
    HAL_TIM_PWM_Start                        0x08002bb9   Thumb Code   160  stm32f1xx_hal_tim.o(i.HAL_TIM_PWM_Start)
    HAL_TIM_PeriodElapsedCallback            0x08002c6d   Thumb Code     2  stm32f1xx_it.o(i.HAL_TIM_PeriodElapsedCallback)
    HAL_TIM_TriggerCallback                  0x08002c6f   Thumb Code     2  stm32f1xx_hal_tim.o(i.HAL_TIM_TriggerCallback)
    HAL_UARTEx_RxEventCallback               0x08002c71   Thumb Code     2  stm32f1xx_hal_uart.o(i.HAL_UARTEx_RxEventCallback)
    HAL_UART_ErrorCallback                   0x08002c73   Thumb Code     2  stm32f1xx_hal_uart.o(i.HAL_UART_ErrorCallback)
    HAL_UART_IRQHandler                      0x08002c75   Thumb Code   616  stm32f1xx_hal_uart.o(i.HAL_UART_IRQHandler)
    HAL_UART_Init                            0x08002ee1   Thumb Code   100  stm32f1xx_hal_uart.o(i.HAL_UART_Init)
    HAL_UART_MspInit                         0x08002f45   Thumb Code   384  usart.o(i.HAL_UART_MspInit)
    HAL_UART_Receive_IT                      0x080030e9   Thumb Code    28  stm32f1xx_hal_uart.o(i.HAL_UART_Receive_IT)
    HAL_UART_RxCpltCallback                  0x08003105   Thumb Code    94  main.o(i.HAL_UART_RxCpltCallback)
    HAL_UART_Transmit                        0x0800317d   Thumb Code   154  stm32f1xx_hal_uart.o(i.HAL_UART_Transmit)
    HAL_UART_TxCpltCallback                  0x08003217   Thumb Code     2  stm32f1xx_hal_uart.o(i.HAL_UART_TxCpltCallback)
    HardFault_Handler                        0x08003219   Thumb Code     2  stm32f1xx_it.o(i.HardFault_Handler)
    MX_DMA_Init                              0x0800321d   Thumb Code    56  dma.o(i.MX_DMA_Init)
    MX_GPIO_Init                             0x08003259   Thumb Code   340  gpio.o(i.MX_GPIO_Init)
    MX_I2C1_Init                             0x080033cd   Thumb Code    50  i2c.o(i.MX_I2C1_Init)
    MX_TIM1_Init                             0x0800340d   Thumb Code   196  tim.o(i.MX_TIM1_Init)
    MX_TIM2_Init                             0x080034d9   Thumb Code   150  tim.o(i.MX_TIM2_Init)
    MX_TIM3_Init                             0x08003575   Thumb Code    98  tim.o(i.MX_TIM3_Init)
    MX_TIM4_Init                             0x080035e1   Thumb Code   100  tim.o(i.MX_TIM4_Init)
    MX_TIM6_Init                             0x0800364d   Thumb Code    60  tim.o(i.MX_TIM6_Init)
    MX_USART1_UART_Init                      0x08003691   Thumb Code    48  usart.o(i.MX_USART1_UART_Init)
    MX_USART2_UART_Init                      0x080036c9   Thumb Code    48  usart.o(i.MX_USART2_UART_Init)
    MX_USART3_UART_Init                      0x08003701   Thumb Code    48  usart.o(i.MX_USART3_UART_Init)
    MemManage_Handler                        0x08003739   Thumb Code     2  stm32f1xx_it.o(i.MemManage_Handler)
    Motor                                    0x0800373d   Thumb Code    66  control.o(i.Motor)
    NMI_Handler                              0x08003789   Thumb Code     2  stm32f1xx_it.o(i.NMI_Handler)
    OLED_Clear                               0x0800378b   Thumb Code    38  oled.o(i.OLED_Clear)
    OLED_I2C_Init                            0x080037b1   Thumb Code    28  oled.o(i.OLED_I2C_Init)
    OLED_I2C_SendByte                        0x080037d1   Thumb Code    78  oled.o(i.OLED_I2C_SendByte)
    OLED_I2C_Start                           0x08003825   Thumb Code    48  oled.o(i.OLED_I2C_Start)
    OLED_I2C_Stop                            0x08003859   Thumb Code    38  oled.o(i.OLED_I2C_Stop)
    OLED_Init                                0x08003885   Thumb Code   172  oled.o(i.OLED_Init)
    OLED_Pow                                 0x08003931   Thumb Code    14  oled.o(i.OLED_Pow)
    OLED_SetCursor                           0x0800393f   Thumb Code    34  oled.o(i.OLED_SetCursor)
    OLED_ShowChar                            0x08003961   Thumb Code    98  oled.o(i.OLED_ShowChar)
    OLED_ShowNum                             0x080039c9   Thumb Code    66  oled.o(i.OLED_ShowNum)
    OLED_ShowString                          0x08003a0b   Thumb Code    38  oled.o(i.OLED_ShowString)
    OLED_WriteCommand                        0x08003a31   Thumb Code    34  oled.o(i.OLED_WriteCommand)
    OLED_WriteData                           0x08003a53   Thumb Code    34  oled.o(i.OLED_WriteData)
    OpenMV_Data_Receive                      0x08003a75   Thumb Code   160  openmv.o(i.OpenMV_Data_Receive)
    PID_Controller                           0x08003b21   Thumb Code   134  pid.o(i.PID_Controller)
    PendSV_Handler                           0x08003ba7   Thumb Code     2  stm32f1xx_it.o(i.PendSV_Handler)
    SVC_Handler                              0x08003ba9   Thumb Code     2  stm32f1xx_it.o(i.SVC_Handler)
    Set_PWM                                  0x08003bad   Thumb Code    60  control.o(i.Set_PWM)
    Set_direction_L                          0x08003bf1   Thumb Code    44  control.o(i.Set_direction_L)
    Set_direction_R                          0x08003c21   Thumb Code    44  control.o(i.Set_direction_R)
    SysTick_Handler                          0x08003c51   Thumb Code    20  stm32f1xx_it.o(i.SysTick_Handler)
    SystemClock_Config                       0x08003c6d   Thumb Code    94  main.o(i.SystemClock_Config)
    SystemInit                               0x08003ccb   Thumb Code     2  system_stm32f1xx.o(i.SystemInit)
    TIM6_IRQHandler                          0x08003ccd   Thumb Code     6  stm32f1xx_it.o(i.TIM6_IRQHandler)
    TIM_Base_SetConfig                       0x08003cd9   Thumb Code   120  stm32f1xx_hal_tim.o(i.TIM_Base_SetConfig)
    TIM_CCxChannelCmd                        0x08003d65   Thumb Code    26  stm32f1xx_hal_tim.o(i.TIM_CCxChannelCmd)
    TIM_ETR_SetConfig                        0x08003d7f   Thumb Code    20  stm32f1xx_hal_tim.o(i.TIM_ETR_SetConfig)
    TIM_OC2_SetConfig                        0x08003e05   Thumb Code    98  stm32f1xx_hal_tim.o(i.TIM_OC2_SetConfig)
    UART_Start_Receive_IT                    0x08004149   Thumb Code    54  stm32f1xx_hal_uart.o(i.UART_Start_Receive_IT)
    USART1_IRQHandler                        0x080041f9   Thumb Code     6  stm32f1xx_it.o(i.USART1_IRQHandler)
    USART2_IRQHandler                        0x08004205   Thumb Code     6  stm32f1xx_it.o(i.USART2_IRQHandler)
    USART3_IRQHandler                        0x08004211   Thumb Code     6  stm32f1xx_it.o(i.USART3_IRQHandler)
    UsageFault_Handler                       0x0800421d   Thumb Code     2  stm32f1xx_it.o(i.UsageFault_Handler)
    __ARM_fpclassify                         0x0800421f   Thumb Code    40  fpclassify.o(i.__ARM_fpclassify)
    _is_digit                                0x08004267   Thumb Code    14  __printf_wp.o(i._is_digit)
    getL                                     0x08004275   Thumb Code     6  encoder.o(i.getL)
    main                                     0x08004281   Thumb Code   384  main.o(i.main)
    _get_lc_numeric                          0x08004471   Thumb Code    44  lc_numeric_c.o(locale$$code)
    __aeabi_d2f                              0x0800449d   Thumb Code     0  d2f.o(x$fpl$d2f)
    _d2f                                     0x0800449d   Thumb Code    98  d2f.o(x$fpl$d2f)
    __aeabi_ddiv                             0x08004501   Thumb Code     0  ddiv.o(x$fpl$ddiv)
    _ddiv                                    0x08004501   Thumb Code   552  ddiv.o(x$fpl$ddiv)
    __aeabi_dmul                             0x080047b1   Thumb Code     0  dmul.o(x$fpl$dmul)
    _dmul                                    0x080047b1   Thumb Code   332  dmul.o(x$fpl$dmul)
    __fpl_dnaninf                            0x08004905   Thumb Code   156  dnaninf.o(x$fpl$dnaninf)
    __fpl_dretinf                            0x080049a1   Thumb Code    12  dretinf.o(x$fpl$dretinf)
    __aeabi_f2d                              0x080049ad   Thumb Code     0  f2d.o(x$fpl$f2d)
    _f2d                                     0x080049ad   Thumb Code    86  f2d.o(x$fpl$f2d)
    __aeabi_fadd                             0x08004a05   Thumb Code     0  faddsub_clz.o(x$fpl$fadd)
    _fadd                                    0x08004a05   Thumb Code   196  faddsub_clz.o(x$fpl$fadd)
    __fpl_fcmp_Inf                           0x08004ac9   Thumb Code    24  fcmpi.o(x$fpl$fcmpinf)
    __aeabi_fdiv                             0x08004ae1   Thumb Code     0  fdiv.o(x$fpl$fdiv)
    _fdiv                                    0x08004ae1   Thumb Code   384  fdiv.o(x$fpl$fdiv)
    __aeabi_f2uiz                            0x08004c65   Thumb Code     0  ffixu.o(x$fpl$ffixu)
    _ffixu                                   0x08004c65   Thumb Code    62  ffixu.o(x$fpl$ffixu)
    __aeabi_i2f                              0x08004ca5   Thumb Code     0  fflt_clz.o(x$fpl$fflt)
    _fflt                                    0x08004ca5   Thumb Code    48  fflt_clz.o(x$fpl$fflt)
    __aeabi_ui2f                             0x08004cd5   Thumb Code     0  fflt_clz.o(x$fpl$ffltu)
    _ffltu                                   0x08004cd5   Thumb Code    38  fflt_clz.o(x$fpl$ffltu)
    __aeabi_cfcmple                          0x08004cfd   Thumb Code     0  fleqf.o(x$fpl$fleqf)
    _fcmple                                  0x08004cfd   Thumb Code   104  fleqf.o(x$fpl$fleqf)
    __fpl_fcmple_InfNaN                      0x08004d4f   Thumb Code     0  fleqf.o(x$fpl$fleqf)
    __aeabi_fmul                             0x08004d65   Thumb Code     0  fmul.o(x$fpl$fmul)
    _fmul                                    0x08004d65   Thumb Code   258  fmul.o(x$fpl$fmul)
    __fpl_fnaninf                            0x08004e67   Thumb Code   140  fnaninf.o(x$fpl$fnaninf)
    __fpl_fretinf                            0x08004ef3   Thumb Code    10  fretinf.o(x$fpl$fretinf)
    __aeabi_cfrcmple                         0x08004efd   Thumb Code     0  frleqf.o(x$fpl$frleqf)
    _frcmple                                 0x08004efd   Thumb Code    98  frleqf.o(x$fpl$frleqf)
    __aeabi_fsub                             0x08004f61   Thumb Code     0  faddsub_clz.o(x$fpl$fsub)
    _fsub                                    0x08004f61   Thumb Code   234  faddsub_clz.o(x$fpl$fsub)
    _printf_fp_dec                           0x0800504b   Thumb Code     4  printf1.o(x$fpl$printf1)
    OLED_F8x16                               0x0800504e   Data        1520  oled.o(.constdata)
    __I$use$fp                               0x0800504e   Number         0  usenofp.o(x$fpl$usenofp)
    OLED_F16x16                              0x0800563e   Data        2400  oled.o(.constdata)
    AHBPrescTable                            0x08005fd0   Data          16  system_stm32f1xx.o(.constdata)
    APBPrescTable                            0x08005fe0   Data           8  system_stm32f1xx.o(.constdata)
    Region$$Table$$Base                      0x0800607c   Number         0  anon$$obj.o(Region$$Table)
    Region$$Table$$Limit                     0x0800609c   Number         0  anon$$obj.o(Region$$Table)
    Angle                                    0x20000000   Data           1  openmv.o(.data)
    Number2                                  0x20000001   Data           1  openmv.o(.data)
    Number3                                  0x20000002   Data           1  openmv.o(.data)
    Send1                                    0x20000003   Data           1  openmv.o(.data)
    Send2                                    0x20000004   Data           1  openmv.o(.data)
    sendBuf                                  0x20000007   Data           4  openmv.o(.data)
    reset_flag                               0x2000000b   Data           1  control.o(.data)
    mpu6050Time                              0x20000034   Data           2  main.o(.data)
    uart3_rxbuff                             0x20000038   Data           1  main.o(.data)
    encoderTime                              0x2000003a   Data           2  main.o(.data)
    uwTickFreq                               0x2000003c   Data           1  stm32f1xx_hal.o(.data)
    uwTickPrio                               0x20000040   Data           4  stm32f1xx_hal.o(.data)
    uwTick                                   0x20000044   Data           4  stm32f1xx_hal.o(.data)
    SystemCoreClock                          0x20000048   Data           4  system_stm32f1xx.o(.data)
    usart1Recv                               0x20000058   Data         260  main.o(.bss)
    hi2c1                                    0x2000015c   Data          84  i2c.o(.bss)
    htim1                                    0x200001b0   Data          72  tim.o(.bss)
    htim2                                    0x200001f8   Data          72  tim.o(.bss)
    htim3                                    0x20000240   Data          72  tim.o(.bss)
    htim4                                    0x20000288   Data          72  tim.o(.bss)
    htim6                                    0x200002d0   Data          72  tim.o(.bss)
    huart1                                   0x20000318   Data          72  usart.o(.bss)
    huart2                                   0x20000360   Data          72  usart.o(.bss)
    huart3                                   0x200003a8   Data          72  usart.o(.bss)
    hdma_usart3_tx                           0x200003f0   Data          68  usart.o(.bss)
    hdma_usart3_rx                           0x20000434   Data          68  usart.o(.bss)
    __libspace_start                         0x20000478   Data          96  libspace.o(.bss)
    __temporary_stack_top$libspace           0x200004d8   Data           0  libspace.o(.bss)



==============================================================================

Memory Map of the image

  Image Entry point : 0x08000131

  Load Region LR_IROM1 (Base: 0x08000000, Size: 0x00006104, Max: 0x00080000, ABSOLUTE)

    Execution Region ER_IROM1 (Exec base: 0x08000000, Load base: 0x08000000, Size: 0x000060b8, Max: 0x00080000, ABSOLUTE)

    Exec Addr    Load Addr    Size         Type   Attr      Idx    E Section Name        Object

    0x08000000   0x08000000   0x00000130   Data   RO            3    RESET               startup_stm32f103xe.o
    0x08000130   0x08000130   0x00000008   Code   RO         4093  * !!!main             c_w.l(__main.o)
    0x08000138   0x08000138   0x00000034   Code   RO         4363    !!!scatter          c_w.l(__scatter.o)
    0x0800016c   0x0800016c   0x0000001a   Code   RO         4365    !!handler_copy      c_w.l(__scatter_copy.o)
    0x08000186   0x08000186   0x00000002   PAD
    0x08000188   0x08000188   0x0000001c   Code   RO         4367    !!handler_zi        c_w.l(__scatter_zi.o)
    0x080001a4   0x080001a4   0x00000000   Code   RO         4086    .ARM.Collect$$_printf_percent$$00000000  c_w.l(_printf_percent.o)
    0x080001a4   0x080001a4   0x00000006   Code   RO         4085    .ARM.Collect$$_printf_percent$$00000003  c_w.l(_printf_f.o)
    0x080001aa   0x080001aa   0x00000006   Code   RO         4084    .ARM.Collect$$_printf_percent$$00000009  c_w.l(_printf_d.o)
    0x080001b0   0x080001b0   0x00000004   Code   RO         4144    .ARM.Collect$$_printf_percent$$00000017  c_w.l(_printf_percent_end.o)
    0x080001b4   0x080001b4   0x00000002   Code   RO         4232    .ARM.Collect$$libinit$$00000000  c_w.l(libinit.o)
    0x080001b6   0x080001b6   0x00000000   Code   RO         4234    .ARM.Collect$$libinit$$00000002  c_w.l(libinit2.o)
    0x080001b6   0x080001b6   0x00000000   Code   RO         4236    .ARM.Collect$$libinit$$00000004  c_w.l(libinit2.o)
    0x080001b6   0x080001b6   0x00000000   Code   RO         4239    .ARM.Collect$$libinit$$0000000A  c_w.l(libinit2.o)
    0x080001b6   0x080001b6   0x00000000   Code   RO         4241    .ARM.Collect$$libinit$$0000000C  c_w.l(libinit2.o)
    0x080001b6   0x080001b6   0x00000000   Code   RO         4243    .ARM.Collect$$libinit$$0000000E  c_w.l(libinit2.o)
    0x080001b6   0x080001b6   0x00000006   Code   RO         4244    .ARM.Collect$$libinit$$0000000F  c_w.l(libinit2.o)
    0x080001bc   0x080001bc   0x00000000   Code   RO         4246    .ARM.Collect$$libinit$$00000011  c_w.l(libinit2.o)
    0x080001bc   0x080001bc   0x00000000   Code   RO         4248    .ARM.Collect$$libinit$$00000013  c_w.l(libinit2.o)
    0x080001bc   0x080001bc   0x00000000   Code   RO         4250    .ARM.Collect$$libinit$$00000015  c_w.l(libinit2.o)
    0x080001bc   0x080001bc   0x0000000a   Code   RO         4251    .ARM.Collect$$libinit$$00000016  c_w.l(libinit2.o)
    0x080001c6   0x080001c6   0x00000000   Code   RO         4252    .ARM.Collect$$libinit$$00000017  c_w.l(libinit2.o)
    0x080001c6   0x080001c6   0x00000000   Code   RO         4254    .ARM.Collect$$libinit$$00000019  c_w.l(libinit2.o)
    0x080001c6   0x080001c6   0x00000000   Code   RO         4256    .ARM.Collect$$libinit$$0000001B  c_w.l(libinit2.o)
    0x080001c6   0x080001c6   0x00000000   Code   RO         4258    .ARM.Collect$$libinit$$0000001D  c_w.l(libinit2.o)
    0x080001c6   0x080001c6   0x00000000   Code   RO         4260    .ARM.Collect$$libinit$$0000001F  c_w.l(libinit2.o)
    0x080001c6   0x080001c6   0x00000000   Code   RO         4262    .ARM.Collect$$libinit$$00000021  c_w.l(libinit2.o)
    0x080001c6   0x080001c6   0x00000000   Code   RO         4264    .ARM.Collect$$libinit$$00000023  c_w.l(libinit2.o)
    0x080001c6   0x080001c6   0x00000000   Code   RO         4266    .ARM.Collect$$libinit$$00000025  c_w.l(libinit2.o)
    0x080001c6   0x080001c6   0x00000000   Code   RO         4270    .ARM.Collect$$libinit$$0000002C  c_w.l(libinit2.o)
    0x080001c6   0x080001c6   0x00000000   Code   RO         4272    .ARM.Collect$$libinit$$0000002E  c_w.l(libinit2.o)
    0x080001c6   0x080001c6   0x00000000   Code   RO         4274    .ARM.Collect$$libinit$$00000030  c_w.l(libinit2.o)
    0x080001c6   0x080001c6   0x00000000   Code   RO         4276    .ARM.Collect$$libinit$$00000032  c_w.l(libinit2.o)
    0x080001c6   0x080001c6   0x00000002   Code   RO         4277    .ARM.Collect$$libinit$$00000033  c_w.l(libinit2.o)
    0x080001c8   0x080001c8   0x00000002   Code   RO         4309    .ARM.Collect$$libshutdown$$00000000  c_w.l(libshutdown.o)
    0x080001ca   0x080001ca   0x00000000   Code   RO         4320    .ARM.Collect$$libshutdown$$00000002  c_w.l(libshutdown2.o)
    0x080001ca   0x080001ca   0x00000000   Code   RO         4322    .ARM.Collect$$libshutdown$$00000004  c_w.l(libshutdown2.o)
    0x080001ca   0x080001ca   0x00000000   Code   RO         4324    .ARM.Collect$$libshutdown$$00000006  c_w.l(libshutdown2.o)
    0x080001ca   0x080001ca   0x00000000   Code   RO         4327    .ARM.Collect$$libshutdown$$00000009  c_w.l(libshutdown2.o)
    0x080001ca   0x080001ca   0x00000000   Code   RO         4330    .ARM.Collect$$libshutdown$$0000000C  c_w.l(libshutdown2.o)
    0x080001ca   0x080001ca   0x00000000   Code   RO         4332    .ARM.Collect$$libshutdown$$0000000E  c_w.l(libshutdown2.o)
    0x080001ca   0x080001ca   0x00000000   Code   RO         4335    .ARM.Collect$$libshutdown$$00000011  c_w.l(libshutdown2.o)
    0x080001ca   0x080001ca   0x00000002   Code   RO         4336    .ARM.Collect$$libshutdown$$00000012  c_w.l(libshutdown2.o)
    0x080001cc   0x080001cc   0x00000000   Code   RO         4135    .ARM.Collect$$rtentry$$00000000  c_w.l(__rtentry.o)
    0x080001cc   0x080001cc   0x00000000   Code   RO         4159    .ARM.Collect$$rtentry$$00000002  c_w.l(__rtentry2.o)
    0x080001cc   0x080001cc   0x00000006   Code   RO         4171    .ARM.Collect$$rtentry$$00000004  c_w.l(__rtentry4.o)
    0x080001d2   0x080001d2   0x00000000   Code   RO         4161    .ARM.Collect$$rtentry$$00000009  c_w.l(__rtentry2.o)
    0x080001d2   0x080001d2   0x00000004   Code   RO         4162    .ARM.Collect$$rtentry$$0000000A  c_w.l(__rtentry2.o)
    0x080001d6   0x080001d6   0x00000000   Code   RO         4164    .ARM.Collect$$rtentry$$0000000C  c_w.l(__rtentry2.o)
    0x080001d6   0x080001d6   0x00000008   Code   RO         4165    .ARM.Collect$$rtentry$$0000000D  c_w.l(__rtentry2.o)
    0x080001de   0x080001de   0x00000002   Code   RO         4280    .ARM.Collect$$rtexit$$00000000  c_w.l(rtexit.o)
    0x080001e0   0x080001e0   0x00000000   Code   RO         4287    .ARM.Collect$$rtexit$$00000002  c_w.l(rtexit2.o)
    0x080001e0   0x080001e0   0x00000004   Code   RO         4288    .ARM.Collect$$rtexit$$00000003  c_w.l(rtexit2.o)
    0x080001e4   0x080001e4   0x00000006   Code   RO         4289    .ARM.Collect$$rtexit$$00000004  c_w.l(rtexit2.o)
    0x080001ea   0x080001ea   0x00000002   PAD
    0x080001ec   0x080001ec   0x00000040   Code   RO            4    .text               startup_stm32f103xe.o
    0x0800022c   0x0800022c   0x00000028   Code   RO         4058    .text               c_w.l(noretval__2sprintf.o)
    0x08000254   0x08000254   0x00000078   Code   RO         4062    .text               c_w.l(_printf_dec.o)
    0x080002cc   0x080002cc   0x0000010e   Code   RO         4072    .text               c_w.l(__printf_wp.o)
    0x080003da   0x080003da   0x00000064   Code   RO         4087    .text               c_w.l(rt_memcpy_w.o)
    0x0800043e   0x0800043e   0x0000004e   Code   RO         4089    .text               c_w.l(rt_memclr_w.o)
    0x0800048c   0x0800048c   0x00000006   Code   RO         4091    .text               c_w.l(heapauxi.o)
    0x08000492   0x08000492   0x000000b2   Code   RO         4136    .text               c_w.l(_printf_intcommon.o)
    0x08000544   0x08000544   0x0000041e   Code   RO         4138    .text               c_w.l(_printf_fp_dec.o)
    0x08000962   0x08000962   0x00000002   PAD
    0x08000964   0x08000964   0x00000030   Code   RO         4140    .text               c_w.l(_printf_char_common.o)
    0x08000994   0x08000994   0x0000000a   Code   RO         4142    .text               c_w.l(_sputc.o)
    0x0800099e   0x0800099e   0x00000002   PAD
    0x080009a0   0x080009a0   0x00000008   Code   RO         4176    .text               c_w.l(rt_locale_intlibspace.o)
    0x080009a8   0x080009a8   0x0000008a   Code   RO         4178    .text               c_w.l(lludiv10.o)
    0x08000a32   0x08000a32   0x00000002   PAD
    0x08000a34   0x08000a34   0x00000080   Code   RO         4180    .text               c_w.l(_printf_fp_infnan.o)
    0x08000ab4   0x08000ab4   0x000000e4   Code   RO         4184    .text               c_w.l(bigflt0.o)
    0x08000b98   0x08000b98   0x00000008   Code   RO         4218    .text               c_w.l(libspace.o)
    0x08000ba0   0x08000ba0   0x0000004a   Code   RO         4221    .text               c_w.l(sys_stackheap_outer.o)
    0x08000bea   0x08000bea   0x00000012   Code   RO         4223    .text               c_w.l(exit.o)
    0x08000bfc   0x08000bfc   0x00000080   Code   RO         4225    .text               c_w.l(strcmpv7m.o)
    0x08000c7c   0x08000c7c   0x0000000c   Code   RO         4299    .text               c_w.l(sys_exit.o)
    0x08000c88   0x08000c88   0x00000002   Code   RO         4310    .text               c_w.l(use_no_semi.o)
    0x08000c8a   0x08000c8a   0x00000000   Code   RO         4312    .text               c_w.l(indicate_semi.o)
    0x08000c8a   0x08000c8a   0x0000003e   Code   RO         4187    CL$$btod_d2e        c_w.l(btod.o)
    0x08000cc8   0x08000cc8   0x00000046   Code   RO         4189    CL$$btod_d2e_denorm_low  c_w.l(btod.o)
    0x08000d0e   0x08000d0e   0x00000060   Code   RO         4188    CL$$btod_d2e_norm_op1  c_w.l(btod.o)
    0x08000d6e   0x08000d6e   0x00000338   Code   RO         4197    CL$$btod_div_common  c_w.l(btod.o)
    0x080010a6   0x080010a6   0x000000dc   Code   RO         4194    CL$$btod_e2e        c_w.l(btod.o)
    0x08001182   0x08001182   0x0000002a   Code   RO         4191    CL$$btod_ediv       c_w.l(btod.o)
    0x080011ac   0x080011ac   0x0000002a   Code   RO         4190    CL$$btod_emul       c_w.l(btod.o)
    0x080011d6   0x080011d6   0x00000244   Code   RO         4196    CL$$btod_mult_common  c_w.l(btod.o)
    0x0800141a   0x0800141a   0x00000002   Code   RO         1083    i.BusFault_Handler  stm32f1xx_it.o
    0x0800141c   0x0800141c   0x00000020   Code   RO          196    i.Control_Init      control.o
    0x0800143c   0x0800143c   0x0000000c   Code   RO         1084    i.DMA1_Channel2_IRQHandler  stm32f1xx_it.o
    0x08001448   0x08001448   0x0000000c   Code   RO         1085    i.DMA1_Channel3_IRQHandler  stm32f1xx_it.o
    0x08001454   0x08001454   0x00000002   Code   RO         1086    i.DebugMon_Handler  stm32f1xx_it.o
    0x08001456   0x08001456   0x00000002   PAD
    0x08001458   0x08001458   0x00000010   Code   RO         1087    i.EXTI9_5_IRQHandler  stm32f1xx_it.o
    0x08001468   0x08001468   0x00000074   Code   RO          293    i.Encoder_Init      encoder.o
    0x080014dc   0x080014dc   0x00000004   Code   RO          770    i.Error_Handler     main.o
    0x080014e0   0x080014e0   0x0000007c   Code   RO          296    i.Get_Wheel_Speed_L  encoder.o
    0x0800155c   0x0800155c   0x0000007c   Code   RO          297    i.Get_Wheel_Speed_R  encoder.o
    0x080015d8   0x080015d8   0x00000046   Code   RO         2085    i.HAL_DMA_Abort     stm32f1xx_hal_dma.o
    0x0800161e   0x0800161e   0x00000002   PAD
    0x08001620   0x08001620   0x00000130   Code   RO         2086    i.HAL_DMA_Abort_IT  stm32f1xx_hal_dma.o
    0x08001750   0x08001750   0x00000248   Code   RO         2090    i.HAL_DMA_IRQHandler  stm32f1xx_hal_dma.o
    0x08001998   0x08001998   0x0000007c   Code   RO         2091    i.HAL_DMA_Init      stm32f1xx_hal_dma.o
    0x08001a14   0x08001a14   0x00000002   Code   RO         2019    i.HAL_GPIO_EXTI_Callback  stm32f1xx_hal_gpio.o
    0x08001a16   0x08001a16   0x00000002   PAD
    0x08001a18   0x08001a18   0x00000018   Code   RO         2020    i.HAL_GPIO_EXTI_IRQHandler  stm32f1xx_hal_gpio.o
    0x08001a30   0x08001a30   0x000001f8   Code   RO         2021    i.HAL_GPIO_Init     stm32f1xx_hal_gpio.o
    0x08001c28   0x08001c28   0x0000000a   Code   RO         2025    i.HAL_GPIO_WritePin  stm32f1xx_hal_gpio.o
    0x08001c32   0x08001c32   0x00000002   PAD
    0x08001c34   0x08001c34   0x0000000c   Code   RO         1715    i.HAL_GetTick       stm32f1xx_hal.o
    0x08001c40   0x08001c40   0x00000188   Code   RO         1278    i.HAL_I2C_Init      stm32f1xx_hal_i2c.o
    0x08001dc8   0x08001dc8   0x0000005c   Code   RO          904    i.HAL_I2C_MspInit   i2c.o
    0x08001e24   0x08001e24   0x00000010   Code   RO         1721    i.HAL_IncTick       stm32f1xx_hal.o
    0x08001e34   0x08001e34   0x00000024   Code   RO         1722    i.HAL_Init          stm32f1xx_hal.o
    0x08001e58   0x08001e58   0x00000040   Code   RO         1723    i.HAL_InitTick      stm32f1xx_hal.o
    0x08001e98   0x08001e98   0x0000003c   Code   RO         1207    i.HAL_MspInit       stm32f1xx_hal_msp.o
    0x08001ed4   0x08001ed4   0x0000001a   Code   RO         2181    i.HAL_NVIC_EnableIRQ  stm32f1xx_hal_cortex.o
    0x08001eee   0x08001eee   0x00000002   PAD
    0x08001ef0   0x08001ef0   0x00000040   Code   RO         2187    i.HAL_NVIC_SetPriority  stm32f1xx_hal_cortex.o
    0x08001f30   0x08001f30   0x00000024   Code   RO         2188    i.HAL_NVIC_SetPriorityGrouping  stm32f1xx_hal_cortex.o
    0x08001f54   0x08001f54   0x0000012c   Code   RO         1879    i.HAL_RCC_ClockConfig  stm32f1xx_hal_rcc.o
    0x08002080   0x08002080   0x00000020   Code   RO         1886    i.HAL_RCC_GetPCLK1Freq  stm32f1xx_hal_rcc.o
    0x080020a0   0x080020a0   0x00000020   Code   RO         1887    i.HAL_RCC_GetPCLK2Freq  stm32f1xx_hal_rcc.o
    0x080020c0   0x080020c0   0x0000004c   Code   RO         1888    i.HAL_RCC_GetSysClockFreq  stm32f1xx_hal_rcc.o
    0x0800210c   0x0800210c   0x00000320   Code   RO         1891    i.HAL_RCC_OscConfig  stm32f1xx_hal_rcc.o
    0x0800242c   0x0800242c   0x00000028   Code   RO         2192    i.HAL_SYSTICK_Config  stm32f1xx_hal_cortex.o
    0x08002454   0x08002454   0x00000002   Code   RO         3387    i.HAL_TIMEx_BreakCallback  stm32f1xx_hal_tim_ex.o
    0x08002456   0x08002456   0x00000002   Code   RO         3388    i.HAL_TIMEx_CommutCallback  stm32f1xx_hal_tim_ex.o
    0x08002458   0x08002458   0x00000054   Code   RO         3390    i.HAL_TIMEx_ConfigBreakDeadTime  stm32f1xx_hal_tim_ex.o
    0x080024ac   0x080024ac   0x0000007c   Code   RO         3406    i.HAL_TIMEx_MasterConfigSynchronization  stm32f1xx_hal_tim_ex.o
    0x08002528   0x08002528   0x0000005a   Code   RO         2683    i.HAL_TIM_Base_Init  stm32f1xx_hal_tim.o
    0x08002582   0x08002582   0x00000002   PAD
    0x08002584   0x08002584   0x0000006c   Code   RO          946    i.HAL_TIM_Base_MspInit  tim.o
    0x080025f0   0x080025f0   0x000000dc   Code   RO         2692    i.HAL_TIM_ConfigClockSource  stm32f1xx_hal_tim.o
    0x080026cc   0x080026cc   0x000000a4   Code   RO         2704    i.HAL_TIM_Encoder_Init  stm32f1xx_hal_tim.o
    0x08002770   0x08002770   0x000000b8   Code   RO          948    i.HAL_TIM_Encoder_MspInit  tim.o
    0x08002828   0x08002828   0x0000008e   Code   RO         2707    i.HAL_TIM_Encoder_Start  stm32f1xx_hal_tim.o
    0x080028b6   0x080028b6   0x00000002   Code   RO         2717    i.HAL_TIM_IC_CaptureCallback  stm32f1xx_hal_tim.o
    0x080028b8   0x080028b8   0x00000166   Code   RO         2731    i.HAL_TIM_IRQHandler  stm32f1xx_hal_tim.o
    0x08002a1e   0x08002a1e   0x00000002   PAD
    0x08002a20   0x08002a20   0x0000006c   Code   RO          949    i.HAL_TIM_MspPostInit  tim.o
    0x08002a8c   0x08002a8c   0x00000002   Code   RO         2734    i.HAL_TIM_OC_DelayElapsedCallback  stm32f1xx_hal_tim.o
    0x08002a8e   0x08002a8e   0x000000cc   Code   RO         2755    i.HAL_TIM_PWM_ConfigChannel  stm32f1xx_hal_tim.o
    0x08002b5a   0x08002b5a   0x0000005a   Code   RO         2758    i.HAL_TIM_PWM_Init  stm32f1xx_hal_tim.o
    0x08002bb4   0x08002bb4   0x00000002   Code   RO         2760    i.HAL_TIM_PWM_MspInit  stm32f1xx_hal_tim.o
    0x08002bb6   0x08002bb6   0x00000002   Code   RO         2761    i.HAL_TIM_PWM_PulseFinishedCallback  stm32f1xx_hal_tim.o
    0x08002bb8   0x08002bb8   0x000000b4   Code   RO         2763    i.HAL_TIM_PWM_Start  stm32f1xx_hal_tim.o
    0x08002c6c   0x08002c6c   0x00000002   Code   RO         1088    i.HAL_TIM_PeriodElapsedCallback  stm32f1xx_it.o
    0x08002c6e   0x08002c6e   0x00000002   Code   RO         2774    i.HAL_TIM_TriggerCallback  stm32f1xx_hal_tim.o
    0x08002c70   0x08002c70   0x00000002   Code   RO         3666    i.HAL_UARTEx_RxEventCallback  stm32f1xx_hal_uart.o
    0x08002c72   0x08002c72   0x00000002   Code   RO         3680    i.HAL_UART_ErrorCallback  stm32f1xx_hal_uart.o
    0x08002c74   0x08002c74   0x0000026c   Code   RO         3683    i.HAL_UART_IRQHandler  stm32f1xx_hal_uart.o
    0x08002ee0   0x08002ee0   0x00000064   Code   RO         3684    i.HAL_UART_Init     stm32f1xx_hal_uart.o
    0x08002f44   0x08002f44   0x000001a4   Code   RO         1030    i.HAL_UART_MspInit  usart.o
    0x080030e8   0x080030e8   0x0000001c   Code   RO         3689    i.HAL_UART_Receive_IT  stm32f1xx_hal_uart.o
    0x08003104   0x08003104   0x00000078   Code   RO          771    i.HAL_UART_RxCpltCallback  main.o
    0x0800317c   0x0800317c   0x0000009a   Code   RO         3692    i.HAL_UART_Transmit  stm32f1xx_hal_uart.o
    0x08003216   0x08003216   0x00000002   Code   RO         3695    i.HAL_UART_TxCpltCallback  stm32f1xx_hal_uart.o
    0x08003218   0x08003218   0x00000002   Code   RO         1089    i.HardFault_Handler  stm32f1xx_it.o
    0x0800321a   0x0800321a   0x00000002   PAD
    0x0800321c   0x0800321c   0x0000003c   Code   RO          876    i.MX_DMA_Init       dma.o
    0x08003258   0x08003258   0x00000174   Code   RO          852    i.MX_GPIO_Init      gpio.o
    0x080033cc   0x080033cc   0x00000040   Code   RO          905    i.MX_I2C1_Init      i2c.o
    0x0800340c   0x0800340c   0x000000cc   Code   RO          950    i.MX_TIM1_Init      tim.o
    0x080034d8   0x080034d8   0x0000009c   Code   RO          951    i.MX_TIM2_Init      tim.o
    0x08003574   0x08003574   0x0000006c   Code   RO          952    i.MX_TIM3_Init      tim.o
    0x080035e0   0x080035e0   0x0000006c   Code   RO          953    i.MX_TIM4_Init      tim.o
    0x0800364c   0x0800364c   0x00000044   Code   RO          954    i.MX_TIM6_Init      tim.o
    0x08003690   0x08003690   0x00000038   Code   RO         1031    i.MX_USART1_UART_Init  usart.o
    0x080036c8   0x080036c8   0x00000038   Code   RO         1032    i.MX_USART2_UART_Init  usart.o
    0x08003700   0x08003700   0x00000038   Code   RO         1033    i.MX_USART3_UART_Init  usart.o
    0x08003738   0x08003738   0x00000002   Code   RO         1090    i.MemManage_Handler  stm32f1xx_it.o
    0x0800373a   0x0800373a   0x00000002   PAD
    0x0800373c   0x0800373c   0x0000004c   Code   RO          200    i.Motor             control.o
    0x08003788   0x08003788   0x00000002   Code   RO         1091    i.NMI_Handler       stm32f1xx_it.o
    0x0800378a   0x0800378a   0x00000026   Code   RO          605    i.OLED_Clear        oled.o
    0x080037b0   0x080037b0   0x00000020   Code   RO          607    i.OLED_I2C_Init     oled.o
    0x080037d0   0x080037d0   0x00000054   Code   RO          608    i.OLED_I2C_SendByte  oled.o
    0x08003824   0x08003824   0x00000034   Code   RO          609    i.OLED_I2C_Start    oled.o
    0x08003858   0x08003858   0x0000002c   Code   RO          610    i.OLED_I2C_Stop     oled.o
    0x08003884   0x08003884   0x000000ac   Code   RO          611    i.OLED_Init         oled.o
    0x08003930   0x08003930   0x0000000e   Code   RO          612    i.OLED_Pow          oled.o
    0x0800393e   0x0800393e   0x00000022   Code   RO          613    i.OLED_SetCursor    oled.o
    0x08003960   0x08003960   0x00000068   Code   RO          615    i.OLED_ShowChar     oled.o
    0x080039c8   0x080039c8   0x00000042   Code   RO          618    i.OLED_ShowNum      oled.o
    0x08003a0a   0x08003a0a   0x00000026   Code   RO          620    i.OLED_ShowString   oled.o
    0x08003a30   0x08003a30   0x00000022   Code   RO          621    i.OLED_WriteCommand  oled.o
    0x08003a52   0x08003a52   0x00000022   Code   RO          622    i.OLED_WriteData    oled.o
    0x08003a74   0x08003a74   0x000000ac   Code   RO           13    i.OpenMV_Data_Receive  openmv.o
    0x08003b20   0x08003b20   0x00000086   Code   RO          446    i.PID_Controller    pid.o
    0x08003ba6   0x08003ba6   0x00000002   Code   RO         1092    i.PendSV_Handler    stm32f1xx_it.o
    0x08003ba8   0x08003ba8   0x00000002   Code   RO         1093    i.SVC_Handler       stm32f1xx_it.o
    0x08003baa   0x08003baa   0x00000002   PAD
    0x08003bac   0x08003bac   0x00000044   Code   RO          201    i.Set_PWM           control.o
    0x08003bf0   0x08003bf0   0x00000030   Code   RO          203    i.Set_direction_L   control.o
    0x08003c20   0x08003c20   0x00000030   Code   RO          204    i.Set_direction_R   control.o
    0x08003c50   0x08003c50   0x0000001c   Code   RO         1094    i.SysTick_Handler   stm32f1xx_it.o
    0x08003c6c   0x08003c6c   0x0000005e   Code   RO          772    i.SystemClock_Config  main.o
    0x08003cca   0x08003cca   0x00000002   Code   RO         4018    i.SystemInit        system_stm32f1xx.o
    0x08003ccc   0x08003ccc   0x0000000c   Code   RO         1095    i.TIM6_IRQHandler   stm32f1xx_it.o
    0x08003cd8   0x08003cd8   0x0000008c   Code   RO         2776    i.TIM_Base_SetConfig  stm32f1xx_hal_tim.o
    0x08003d64   0x08003d64   0x0000001a   Code   RO         2777    i.TIM_CCxChannelCmd  stm32f1xx_hal_tim.o
    0x08003d7e   0x08003d7e   0x00000014   Code   RO         2787    i.TIM_ETR_SetConfig  stm32f1xx_hal_tim.o
    0x08003d92   0x08003d92   0x00000010   Code   RO         2788    i.TIM_ITRx_SetConfig  stm32f1xx_hal_tim.o
    0x08003da2   0x08003da2   0x00000002   PAD
    0x08003da4   0x08003da4   0x00000060   Code   RO         2789    i.TIM_OC1_SetConfig  stm32f1xx_hal_tim.o
    0x08003e04   0x08003e04   0x0000006c   Code   RO         2790    i.TIM_OC2_SetConfig  stm32f1xx_hal_tim.o
    0x08003e70   0x08003e70   0x00000068   Code   RO         2791    i.TIM_OC3_SetConfig  stm32f1xx_hal_tim.o
    0x08003ed8   0x08003ed8   0x00000050   Code   RO         2792    i.TIM_OC4_SetConfig  stm32f1xx_hal_tim.o
    0x08003f28   0x08003f28   0x00000022   Code   RO         2794    i.TIM_TI1_ConfigInputStage  stm32f1xx_hal_tim.o
    0x08003f4a   0x08003f4a   0x00000024   Code   RO         2796    i.TIM_TI2_ConfigInputStage  stm32f1xx_hal_tim.o
    0x08003f6e   0x08003f6e   0x00000010   Code   RO         3697    i.UART_DMAAbortOnError  stm32f1xx_hal_uart.o
    0x08003f7e   0x08003f7e   0x0000004e   Code   RO         3707    i.UART_EndRxTransfer  stm32f1xx_hal_uart.o
    0x08003fcc   0x08003fcc   0x000000c2   Code   RO         3709    i.UART_Receive_IT   stm32f1xx_hal_uart.o
    0x0800408e   0x0800408e   0x00000002   PAD
    0x08004090   0x08004090   0x000000b8   Code   RO         3710    i.UART_SetConfig    stm32f1xx_hal_uart.o
    0x08004148   0x08004148   0x00000036   Code   RO         3712    i.UART_Start_Receive_IT  stm32f1xx_hal_uart.o
    0x0800417e   0x0800417e   0x00000078   Code   RO         3713    i.UART_WaitOnFlagUntilTimeout  stm32f1xx_hal_uart.o
    0x080041f6   0x080041f6   0x00000002   PAD
    0x080041f8   0x080041f8   0x0000000c   Code   RO         1096    i.USART1_IRQHandler  stm32f1xx_it.o
    0x08004204   0x08004204   0x0000000c   Code   RO         1097    i.USART2_IRQHandler  stm32f1xx_it.o
    0x08004210   0x08004210   0x0000000c   Code   RO         1098    i.USART3_IRQHandler  stm32f1xx_it.o
    0x0800421c   0x0800421c   0x00000002   Code   RO         1099    i.UsageFault_Handler  stm32f1xx_it.o
    0x0800421e   0x0800421e   0x00000028   Code   RO         4216    i.__ARM_fpclassify  m_ws.l(fpclassify.o)
    0x08004246   0x08004246   0x00000020   Code   RO         2194    i.__NVIC_SetPriority  stm32f1xx_hal_cortex.o
    0x08004266   0x08004266   0x0000000e   Code   RO         4074    i._is_digit         c_w.l(__printf_wp.o)
    0x08004274   0x08004274   0x0000000c   Code   RO          298    i.getL              encoder.o
    0x08004280   0x08004280   0x000001f0   Code   RO          773    i.main              main.o
    0x08004470   0x08004470   0x0000002c   Code   RO         4210    locale$$code        c_w.l(lc_numeric_c.o)
    0x0800449c   0x0800449c   0x00000062   Code   RO         4095    x$fpl$d2f           fz_ws.l(d2f.o)
    0x080044fe   0x080044fe   0x00000002   PAD
    0x08004500   0x08004500   0x000002b0   Code   RO         4098    x$fpl$ddiv          fz_ws.l(ddiv.o)
    0x080047b0   0x080047b0   0x00000154   Code   RO         4101    x$fpl$dmul          fz_ws.l(dmul.o)
    0x08004904   0x08004904   0x0000009c   Code   RO         4145    x$fpl$dnaninf       fz_ws.l(dnaninf.o)
    0x080049a0   0x080049a0   0x0000000c   Code   RO         4147    x$fpl$dretinf       fz_ws.l(dretinf.o)
    0x080049ac   0x080049ac   0x00000056   Code   RO         4103    x$fpl$f2d           fz_ws.l(f2d.o)
    0x08004a02   0x08004a02   0x00000002   PAD
    0x08004a04   0x08004a04   0x000000c4   Code   RO         4105    x$fpl$fadd          fz_ws.l(faddsub_clz.o)
    0x08004ac8   0x08004ac8   0x00000018   Code   RO         4151    x$fpl$fcmpinf       fz_ws.l(fcmpi.o)
    0x08004ae0   0x08004ae0   0x00000184   Code   RO         4112    x$fpl$fdiv          fz_ws.l(fdiv.o)
    0x08004c64   0x08004c64   0x0000003e   Code   RO         4115    x$fpl$ffixu         fz_ws.l(ffixu.o)
    0x08004ca2   0x08004ca2   0x00000002   PAD
    0x08004ca4   0x08004ca4   0x00000030   Code   RO         4120    x$fpl$fflt          fz_ws.l(fflt_clz.o)
    0x08004cd4   0x08004cd4   0x00000026   Code   RO         4119    x$fpl$ffltu         fz_ws.l(fflt_clz.o)
    0x08004cfa   0x08004cfa   0x00000002   PAD
    0x08004cfc   0x08004cfc   0x00000068   Code   RO         4125    x$fpl$fleqf         fz_ws.l(fleqf.o)
    0x08004d64   0x08004d64   0x00000102   Code   RO         4127    x$fpl$fmul          fz_ws.l(fmul.o)
    0x08004e66   0x08004e66   0x0000008c   Code   RO         4153    x$fpl$fnaninf       fz_ws.l(fnaninf.o)
    0x08004ef2   0x08004ef2   0x0000000a   Code   RO         4155    x$fpl$fretinf       fz_ws.l(fretinf.o)
    0x08004efc   0x08004efc   0x00000062   Code   RO         4129    x$fpl$frleqf        fz_ws.l(frleqf.o)
    0x08004f5e   0x08004f5e   0x00000002   PAD
    0x08004f60   0x08004f60   0x000000ea   Code   RO         4107    x$fpl$fsub          fz_ws.l(faddsub_clz.o)
    0x0800504a   0x0800504a   0x00000004   Code   RO         4131    x$fpl$printf1       fz_ws.l(printf1.o)
    0x0800504e   0x0800504e   0x00000000   Code   RO         4157    x$fpl$usenofp       fz_ws.l(usenofp.o)
    0x0800504e   0x0800504e   0x00000f50   Data   RO          624    .constdata          oled.o
    0x08005f9e   0x08005f9e   0x00000002   PAD
    0x08005fa0   0x08005fa0   0x0000001e   Data   RO          775    .constdata          main.o
    0x08005fbe   0x08005fbe   0x00000012   Data   RO         1892    .constdata          stm32f1xx_hal_rcc.o
    0x08005fd0   0x08005fd0   0x00000010   Data   RO         4019    .constdata          system_stm32f1xx.o
    0x08005fe0   0x08005fe0   0x00000008   Data   RO         4020    .constdata          system_stm32f1xx.o
    0x08005fe8   0x08005fe8   0x00000094   Data   RO         4185    .constdata          c_w.l(bigflt0.o)
    0x0800607c   0x0800607c   0x00000020   Data   RO         4361    Region$$Table       anon$$obj.o
    0x0800609c   0x0800609c   0x0000001c   Data   RO         4209    locale$$data        c_w.l(lc_numeric_c.o)


    Execution Region RW_IRAM1 (Exec base: 0x20000000, Load base: 0x080060b8, Size: 0x00000ad8, Max: 0x00010000, ABSOLUTE)

    Exec Addr    Load Addr    Size         Type   Attr      Idx    E Section Name        Object

    0x20000000   0x080060b8   0x0000000b   Data   RW           16    .data               openmv.o
    0x2000000b   0x080060c3   0x00000001   Data   RW          207    .data               control.o
    0x2000000c   0x080060c4   0x00000028   Data   RW          299    .data               encoder.o
    0x20000034   0x080060ec   0x00000002   Data   RW          776    .data               main.o
    0x20000036   0x080060ee   0x00000006   Data   RW          778    .data               main.o
    0x2000003c   0x080060f4   0x0000000c   Data   RW         1729    .data               stm32f1xx_hal.o
    0x20000048   0x08006100   0x00000004   Data   RW         4021    .data               system_stm32f1xx.o
    0x2000004c        -       0x0000000c   Zero   RW           15    .bss                openmv.o
    0x20000058        -       0x00000104   Zero   RW          774    .bss                main.o
    0x2000015c        -       0x00000054   Zero   RW          906    .bss                i2c.o
    0x200001b0        -       0x00000168   Zero   RW          955    .bss                tim.o
    0x20000318        -       0x00000160   Zero   RW         1034    .bss                usart.o
    0x20000478        -       0x00000060   Zero   RW         4219    .bss                c_w.l(libspace.o)
    0x200004d8        -       0x00000200   Zero   RW            2    HEAP                startup_stm32f103xe.o
    0x200006d8        -       0x00000400   Zero   RW            1    STACK               startup_stm32f103xe.o


==============================================================================

Image component sizes


      Code (inc. data)   RO Data    RW Data    ZI Data      Debug   Object Name

       272         36          0          1          0       4405   control.o
        60          4          0          0          0        838   dma.o
       376         96          0         40          0     478764   encoder.o
       372         32          0          0          0       1199   gpio.o
       156         26          0          0         84       1777   i2c.o
       714        138         30          8        260       4539   main.o
       746         26       3920          0          0       8625   oled.o
       172         12          0         11         12     496016   openmv.o
       134          0          0          0          0       1573   pid.o
        64         26        304          0       1536        844   startup_stm32f103xe.o
       128         24          0         12          0       6165   stm32f1xx_hal.o
       198         14          0          0          0      29163   stm32f1xx_hal_cortex.o
      1082         52          0          0          0       3703   stm32f1xx_hal_dma.o
       540         48          0          0          0       4200   stm32f1xx_hal_gpio.o
       392         16          0          0          0       3283   stm32f1xx_hal_i2c.o
        60          8          0          0          0        946   stm32f1xx_hal_msp.o
      1240         84         18          0          0       5332   stm32f1xx_hal_rcc.o
      2118         76          0          0          0      18325   stm32f1xx_hal_tim.o
       212         20          0          0          0       3373   stm32f1xx_hal_tim_ex.o
      1554         10          0          0          0      11408   stm32f1xx_hal_uart.o
       134         48          0          0          0       8855   stm32f1xx_it.o
         2          0         24          4          0       1227   system_stm32f1xx.o
      1044         92          0          0        360       6218   tim.o
       588         60          0          0        352       3478   usart.o

    ----------------------------------------------------------------------
     12384        948       4330         76       2604    1104256   Object Totals
         0          0         32          0          0          0   (incl. Generated)
        26          0          2          0          0          0   (incl. Padding)

    ----------------------------------------------------------------------

      Code (inc. data)   RO Data    RW Data    ZI Data      Debug   Library Member Name

         8          0          0          0          0         68   __main.o
       284          0          0          0          0        156   __printf_wp.o
         0          0          0          0          0          0   __rtentry.o
        12          0          0          0          0          0   __rtentry2.o
         6          0          0          0          0          0   __rtentry4.o
        52          8          0          0          0          0   __scatter.o
        26          0          0          0          0          0   __scatter_copy.o
        28          0          0          0          0          0   __scatter_zi.o
        48          6          0          0          0         96   _printf_char_common.o
         6          0          0          0          0          0   _printf_d.o
       120         16          0          0          0         92   _printf_dec.o
         6          0          0          0          0          0   _printf_f.o
      1054          0          0          0          0        216   _printf_fp_dec.o
       128         16          0          0          0         84   _printf_fp_infnan.o
       178          0          0          0          0         88   _printf_intcommon.o
         0          0          0          0          0          0   _printf_percent.o
         4          0          0          0          0          0   _printf_percent_end.o
        10          0          0          0          0         68   _sputc.o
       228          4        148          0          0         96   bigflt0.o
      1936        128          0          0          0        672   btod.o
        18          0          0          0          0         80   exit.o
         6          0          0          0          0        152   heapauxi.o
         0          0          0          0          0          0   indicate_semi.o
        44         10         28          0          0         76   lc_numeric_c.o
         2          0          0          0          0          0   libinit.o
        18          0          0          0          0          0   libinit2.o
         2          0          0          0          0          0   libshutdown.o
         2          0          0          0          0          0   libshutdown2.o
         8          4          0          0         96         68   libspace.o
       138          0          0          0          0         80   lludiv10.o
        40          6          0          0          0         84   noretval__2sprintf.o
         8          4          0          0          0         68   rt_locale_intlibspace.o
        78          0          0          0          0         80   rt_memclr_w.o
       100          0          0          0          0         80   rt_memcpy_w.o
         2          0          0          0          0          0   rtexit.o
        10          0          0          0          0          0   rtexit2.o
       128          0          0          0          0         68   strcmpv7m.o
        12          4          0          0          0         68   sys_exit.o
        74          0          0          0          0         80   sys_stackheap_outer.o
         2          0          0          0          0         68   use_no_semi.o
        98          4          0          0          0         92   d2f.o
       688        140          0          0          0        208   ddiv.o
       340         12          0          0          0        104   dmul.o
       156          4          0          0          0         92   dnaninf.o
        12          0          0          0          0         68   dretinf.o
        86          4          0          0          0         84   f2d.o
       430          8          0          0          0        168   faddsub_clz.o
        24          0          0          0          0         68   fcmpi.o
       388         76          0          0          0         96   fdiv.o
        62          4          0          0          0         84   ffixu.o
        86          0          0          0          0        136   fflt_clz.o
       104          4          0          0          0         84   fleqf.o
       258          4          0          0          0         84   fmul.o
       140          4          0          0          0         84   fnaninf.o
        10          0          0          0          0         68   fretinf.o
        98          0          0          0          0         68   frleqf.o
         4          0          0          0          0         68   printf1.o
         0          0          0          0          0          0   usenofp.o
        40          0          0          0          0         68   fpclassify.o

    ----------------------------------------------------------------------
      7870        470        176          0         96       4412   Library Totals
        20          0          0          0          0          0   (incl. Padding)

    ----------------------------------------------------------------------

      Code (inc. data)   RO Data    RW Data    ZI Data      Debug   Library Name

      4826        206        176          0         96       2688   c_w.l
      2984        264          0          0          0       1656   fz_ws.l
        40          0          0          0          0         68   m_ws.l

    ----------------------------------------------------------------------
      7870        470        176          0         96       4412   Library Totals

    ----------------------------------------------------------------------

==============================================================================


      Code (inc. data)   RO Data    RW Data    ZI Data      Debug   

     20254       1418       4506         76       2700    1099876   Grand Totals
     20254       1418       4506         76       2700    1099876   ELF Image Totals
     20254       1418       4506         76          0          0   ROM Totals

==============================================================================

    Total RO  Size (Code + RO Data)                24760 (  24.18kB)
    Total RW  Size (RW Data + ZI Data)              2776 (   2.71kB)
    Total ROM Size (Code + RO Data + RW Data)      24836 (  24.25kB)

==============================================================================

